Archive member included to satisfy reference by file (symbol)

/home/sachin/tivaware/driverlib/gcc/libdriver.a(gpio.o)
                              ./userinterrupt.o (GPIOIntTypeSet)
/home/sachin/tivaware/driverlib/gcc/libdriver.a(interrupt.o)
                              ./userinterrupt.o (IntMasterEnable)
/home/sachin/tivaware/driverlib/gcc/libdriver.a(sysctl.o)
                              ./mylcd.o (SysCtlPeripheralEnable)
/home/sachin/tivaware/driverlib/gcc/libdriver.a(uart.o)
                              ./userinterrupt.o (UARTConfigSetExpClk)
/home/sachin/tivaware/driverlib/gcc/libdriver.a(cpu.o)
                              /home/sachin/tivaware/driverlib/gcc/libdriver.a(interrupt.o) (CPUcpsid)

Allocating common symbols
Common symbol       size              file

image               0x400             ./main.o
BLUE                0x4               ./nokialcd.o
mode                0x4               ./nokialcd.o
GREEN               0x4               ./nokialcd.o
deselogo            0x258             ./main.o
WHITE               0x4               ./nokialcd.o
startpredict        0x4               ./main.o
MAGENTA             0x4               ./nokialcd.o
CYAN                0x4               ./nokialcd.o
RED                 0x4               ./nokialcd.o
BLACK               0x4               ./nokialcd.o
YELLOW              0x4               ./nokialcd.o

Discarded input sections

 .text          0x00000000        0x0 /home/sachin/MentorGraphics/Sourcery_CodeBench_Lite_for_ARM_EABI/bin/../lib/gcc/arm-none-eabi/4.8.3/thumb2/crti.o
 .data          0x00000000        0x0 /home/sachin/MentorGraphics/Sourcery_CodeBench_Lite_for_ARM_EABI/bin/../lib/gcc/arm-none-eabi/4.8.3/thumb2/crti.o
 .bss           0x00000000        0x0 /home/sachin/MentorGraphics/Sourcery_CodeBench_Lite_for_ARM_EABI/bin/../lib/gcc/arm-none-eabi/4.8.3/thumb2/crti.o
 .init          0x00000000        0x4 /home/sachin/MentorGraphics/Sourcery_CodeBench_Lite_for_ARM_EABI/bin/../lib/gcc/arm-none-eabi/4.8.3/thumb2/crti.o
 .fini          0x00000000        0x4 /home/sachin/MentorGraphics/Sourcery_CodeBench_Lite_for_ARM_EABI/bin/../lib/gcc/arm-none-eabi/4.8.3/thumb2/crti.o
 .ARM.attributes
                0x00000000       0x19 /home/sachin/MentorGraphics/Sourcery_CodeBench_Lite_for_ARM_EABI/bin/../lib/gcc/arm-none-eabi/4.8.3/thumb2/crti.o
 .text          0x00000000       0xc8 /home/sachin/MentorGraphics/Sourcery_CodeBench_Lite_for_ARM_EABI/bin/../lib/gcc/arm-none-eabi/4.8.3/thumb2/crtbegin.o
 .data          0x00000000        0x4 /home/sachin/MentorGraphics/Sourcery_CodeBench_Lite_for_ARM_EABI/bin/../lib/gcc/arm-none-eabi/4.8.3/thumb2/crtbegin.o
 .bss           0x00000000       0x1c /home/sachin/MentorGraphics/Sourcery_CodeBench_Lite_for_ARM_EABI/bin/../lib/gcc/arm-none-eabi/4.8.3/thumb2/crtbegin.o
 .init_array    0x00000000        0x4 /home/sachin/MentorGraphics/Sourcery_CodeBench_Lite_for_ARM_EABI/bin/../lib/gcc/arm-none-eabi/4.8.3/thumb2/crtbegin.o
 .fini_array    0x00000000        0x4 /home/sachin/MentorGraphics/Sourcery_CodeBench_Lite_for_ARM_EABI/bin/../lib/gcc/arm-none-eabi/4.8.3/thumb2/crtbegin.o
 .eh_frame      0x00000000        0x0 /home/sachin/MentorGraphics/Sourcery_CodeBench_Lite_for_ARM_EABI/bin/../lib/gcc/arm-none-eabi/4.8.3/thumb2/crtbegin.o
 .jcr           0x00000000        0x0 /home/sachin/MentorGraphics/Sourcery_CodeBench_Lite_for_ARM_EABI/bin/../lib/gcc/arm-none-eabi/4.8.3/thumb2/crtbegin.o
 .tm_clone_table
                0x00000000        0x0 /home/sachin/MentorGraphics/Sourcery_CodeBench_Lite_for_ARM_EABI/bin/../lib/gcc/arm-none-eabi/4.8.3/thumb2/crtbegin.o
 .ARM.attributes
                0x00000000       0x29 /home/sachin/MentorGraphics/Sourcery_CodeBench_Lite_for_ARM_EABI/bin/../lib/gcc/arm-none-eabi/4.8.3/thumb2/crtbegin.o
 .group         0x00000000        0x8 ./main.o
 .group         0x00000000        0x8 ./main.o
 .group         0x00000000        0x8 ./main.o
 .group         0x00000000        0x8 ./main.o
 .group         0x00000000        0x8 ./main.o
 .group         0x00000000        0x8 ./main.o
 .group         0x00000000        0x8 ./main.o
 .group         0x00000000        0x8 ./main.o
 .group         0x00000000        0x8 ./main.o
 .group         0x00000000        0x8 ./main.o
 .group         0x00000000        0x8 ./main.o
 .group         0x00000000        0x8 ./main.o
 .group         0x00000000        0x8 ./main.o
 .group         0x00000000        0x8 ./main.o
 .group         0x00000000        0x8 ./main.o
 .group         0x00000000        0x8 ./main.o
 .group         0x00000000        0x8 ./main.o
 .group         0x00000000        0x8 ./main.o
 .text          0x00000000        0x0 ./main.o
 .data          0x00000000        0x0 ./main.o
 .bss           0x00000000        0x0 ./main.o
 .group         0x00000000        0x8 ./mylcd.o
 .group         0x00000000        0x8 ./mylcd.o
 .group         0x00000000        0x8 ./mylcd.o
 .group         0x00000000        0x8 ./mylcd.o
 .group         0x00000000        0x8 ./mylcd.o
 .group         0x00000000        0x8 ./mylcd.o
 .group         0x00000000        0x8 ./mylcd.o
 .group         0x00000000        0x8 ./mylcd.o
 .group         0x00000000        0x8 ./mylcd.o
 .group         0x00000000        0x8 ./mylcd.o
 .group         0x00000000        0x8 ./mylcd.o
 .group         0x00000000        0x8 ./mylcd.o
 .group         0x00000000        0x8 ./mylcd.o
 .group         0x00000000        0x8 ./mylcd.o
 .group         0x00000000        0x8 ./mylcd.o
 .group         0x00000000        0x8 ./mylcd.o
 .group         0x00000000        0x8 ./mylcd.o
 .group         0x00000000        0x8 ./mylcd.o
 .group         0x00000000        0x8 ./mylcd.o
 .group         0x00000000        0x8 ./mylcd.o
 .group         0x00000000        0x8 ./mylcd.o
 .text          0x00000000        0x0 ./mylcd.o
 .data          0x00000000        0x0 ./mylcd.o
 .bss           0x00000000        0x0 ./mylcd.o
 .data.string2  0x00000000        0xc ./mylcd.o
 .debug_macro   0x00000000      0x86e ./mylcd.o
 .debug_macro   0x00000000       0x52 ./mylcd.o
 .debug_macro   0x00000000       0x16 ./mylcd.o
 .debug_macro   0x00000000       0x35 ./mylcd.o
 .debug_macro   0x00000000       0xa2 ./mylcd.o
 .debug_macro   0x00000000       0x22 ./mylcd.o
 .debug_macro   0x00000000      0xa88 ./mylcd.o
 .debug_macro   0x00000000      0x101 ./mylcd.o
 .debug_macro   0x00000000      0x25e ./mylcd.o
 .group         0x00000000        0x8 ./nokialcd.o
 .group         0x00000000        0x8 ./nokialcd.o
 .group         0x00000000        0x8 ./nokialcd.o
 .group         0x00000000        0x8 ./nokialcd.o
 .group         0x00000000        0x8 ./nokialcd.o
 .group         0x00000000        0x8 ./nokialcd.o
 .group         0x00000000        0x8 ./nokialcd.o
 .group         0x00000000        0x8 ./nokialcd.o
 .group         0x00000000        0x8 ./nokialcd.o
 .group         0x00000000        0x8 ./nokialcd.o
 .group         0x00000000        0x8 ./nokialcd.o
 .group         0x00000000        0x8 ./nokialcd.o
 .group         0x00000000        0x8 ./nokialcd.o
 .group         0x00000000        0x8 ./nokialcd.o
 .group         0x00000000        0x8 ./nokialcd.o
 .group         0x00000000        0x8 ./nokialcd.o
 .group         0x00000000        0x8 ./nokialcd.o
 .group         0x00000000        0x8 ./nokialcd.o
 .group         0x00000000        0x8 ./nokialcd.o
 .group         0x00000000        0x8 ./nokialcd.o
 .text          0x00000000        0x0 ./nokialcd.o
 .data          0x00000000        0x0 ./nokialcd.o
 .bss           0x00000000        0x0 ./nokialcd.o
 .text.delay    0x00000000       0x28 ./nokialcd.o
 .debug_macro   0x00000000      0x86e ./nokialcd.o
 .debug_macro   0x00000000       0x52 ./nokialcd.o
 .debug_macro   0x00000000       0x16 ./nokialcd.o
 .debug_macro   0x00000000       0x35 ./nokialcd.o
 .debug_macro   0x00000000       0xa2 ./nokialcd.o
 .debug_macro   0x00000000       0x3a ./nokialcd.o
 .debug_macro   0x00000000       0x52 ./nokialcd.o
 .debug_macro   0x00000000       0x16 ./nokialcd.o
 .debug_macro   0x00000000       0x19 ./nokialcd.o
 .debug_macro   0x00000000      0x19c ./nokialcd.o
 .debug_macro   0x00000000      0x166 ./nokialcd.o
 .debug_macro   0x00000000      0x214 ./nokialcd.o
 .debug_macro   0x00000000      0x29f ./nokialcd.o
 .debug_macro   0x00000000       0x10 ./nokialcd.o
 .debug_macro   0x00000000       0x35 ./nokialcd.o
 .debug_macro   0x00000000       0x1f ./nokialcd.o
 .debug_macro   0x00000000       0x22 ./nokialcd.o
 .debug_macro   0x00000000      0x101 ./nokialcd.o
 .debug_macro   0x00000000      0x25e ./nokialcd.o
 .group         0x00000000        0x8 ./startup_gcc.o
 .text          0x00000000        0x0 ./startup_gcc.o
 .data          0x00000000        0x0 ./startup_gcc.o
 .bss           0x00000000        0x0 ./startup_gcc.o
 .debug_macro   0x00000000      0x86e ./startup_gcc.o
 .group         0x00000000        0x8 ./userinterrupt.o
 .group         0x00000000        0x8 ./userinterrupt.o
 .group         0x00000000        0x8 ./userinterrupt.o
 .group         0x00000000        0x8 ./userinterrupt.o
 .group         0x00000000        0x8 ./userinterrupt.o
 .group         0x00000000        0x8 ./userinterrupt.o
 .group         0x00000000        0x8 ./userinterrupt.o
 .group         0x00000000        0x8 ./userinterrupt.o
 .group         0x00000000        0x8 ./userinterrupt.o
 .group         0x00000000        0x8 ./userinterrupt.o
 .group         0x00000000        0x8 ./userinterrupt.o
 .group         0x00000000        0x8 ./userinterrupt.o
 .group         0x00000000        0x8 ./userinterrupt.o
 .group         0x00000000        0x8 ./userinterrupt.o
 .group         0x00000000        0x8 ./userinterrupt.o
 .group         0x00000000        0x8 ./userinterrupt.o
 .group         0x00000000        0x8 ./userinterrupt.o
 .group         0x00000000        0x8 ./userinterrupt.o
 .group         0x00000000        0x8 ./userinterrupt.o
 .group         0x00000000        0x8 ./userinterrupt.o
 .group         0x00000000        0x8 ./userinterrupt.o
 .group         0x00000000        0x8 ./userinterrupt.o
 .group         0x00000000        0x8 ./userinterrupt.o
 .group         0x00000000        0x8 ./userinterrupt.o
 .group         0x00000000        0x8 ./userinterrupt.o
 .group         0x00000000        0x8 ./userinterrupt.o
 .group         0x00000000        0x8 ./userinterrupt.o
 .group         0x00000000        0x8 ./userinterrupt.o
 .group         0x00000000        0x8 ./userinterrupt.o
 .text          0x00000000        0x0 ./userinterrupt.o
 .data          0x00000000        0x0 ./userinterrupt.o
 .bss           0x00000000        0x0 ./userinterrupt.o
 .rodata.sizex  0x00000000        0x4 ./userinterrupt.o
 .rodata.sizey  0x00000000        0x4 ./userinterrupt.o
 .debug_macro   0x00000000      0x86e ./userinterrupt.o
 .debug_macro   0x00000000       0x52 ./userinterrupt.o
 .debug_macro   0x00000000       0x16 ./userinterrupt.o
 .debug_macro   0x00000000       0x35 ./userinterrupt.o
 .debug_macro   0x00000000       0xa2 ./userinterrupt.o
 .debug_macro   0x00000000      0x20e ./userinterrupt.o
 .debug_macro   0x00000000       0x22 ./userinterrupt.o
 .debug_macro   0x00000000       0x58 ./userinterrupt.o
 .debug_macro   0x00000000      0x946 ./userinterrupt.o
 .debug_macro   0x00000000      0x25e ./userinterrupt.o
 .debug_macro   0x00000000       0x10 ./userinterrupt.o
 .debug_macro   0x00000000       0x46 ./userinterrupt.o
 .debug_macro   0x00000000      0x101 ./userinterrupt.o
 .debug_macro   0x00000000       0x10 ./userinterrupt.o
 .debug_macro   0x00000000      0x3d7 ./userinterrupt.o
 .debug_macro   0x00000000      0xefe ./userinterrupt.o
 .debug_macro   0x00000000      0xa88 ./userinterrupt.o
 .debug_macro   0x00000000      0x17a ./userinterrupt.o
 .debug_macro   0x00000000       0x3a ./userinterrupt.o
 .debug_macro   0x00000000       0x52 ./userinterrupt.o
 .debug_macro   0x00000000       0x16 ./userinterrupt.o
 .debug_macro   0x00000000       0x19 ./userinterrupt.o
 .debug_macro   0x00000000      0x19c ./userinterrupt.o
 .debug_macro   0x00000000      0x166 ./userinterrupt.o
 .debug_macro   0x00000000      0x29f ./userinterrupt.o
 .debug_macro   0x00000000       0x10 ./userinterrupt.o
 .debug_macro   0x00000000       0x35 ./userinterrupt.o
 .debug_macro   0x00000000       0x1f ./userinterrupt.o
 .debug_macro   0x00000000      0x23b ./userinterrupt.o
 .text          0x00000000        0x0 /home/sachin/tivaware/driverlib/gcc/libdriver.a(gpio.o)
 .data          0x00000000        0x0 /home/sachin/tivaware/driverlib/gcc/libdriver.a(gpio.o)
 .bss           0x00000000        0x0 /home/sachin/tivaware/driverlib/gcc/libdriver.a(gpio.o)
 .text.GPIODirModeGet
                0x00000000       0x24 /home/sachin/tivaware/driverlib/gcc/libdriver.a(gpio.o)
 .text.GPIOIntTypeGet
                0x00000000       0x4a /home/sachin/tivaware/driverlib/gcc/libdriver.a(gpio.o)
 .text.GPIOPadConfigGet
                0x00000000       0xc8 /home/sachin/tivaware/driverlib/gcc/libdriver.a(gpio.o)
 .text.GPIOIntUnregister
                0x00000000       0x16 /home/sachin/tivaware/driverlib/gcc/libdriver.a(gpio.o)
 .text.GPIOPinTypeADC
                0x00000000       0x1c /home/sachin/tivaware/driverlib/gcc/libdriver.a(gpio.o)
 .text.GPIOPinTypeCAN
                0x00000000       0x1c /home/sachin/tivaware/driverlib/gcc/libdriver.a(gpio.o)
 .text.GPIOPinTypeComparator
                0x00000000       0x1c /home/sachin/tivaware/driverlib/gcc/libdriver.a(gpio.o)
 .text.GPIOPinTypeComparatorOutput
                0x00000000       0x1c /home/sachin/tivaware/driverlib/gcc/libdriver.a(gpio.o)
 .text.GPIOPinTypeDIVSCLK
                0x00000000       0x1c /home/sachin/tivaware/driverlib/gcc/libdriver.a(gpio.o)
 .text.GPIOPinTypeEPI
                0x00000000       0x1c /home/sachin/tivaware/driverlib/gcc/libdriver.a(gpio.o)
 .text.GPIOPinTypeEthernetLED
                0x00000000       0x1c /home/sachin/tivaware/driverlib/gcc/libdriver.a(gpio.o)
 .text.GPIOPinTypeEthernetMII
                0x00000000       0x1c /home/sachin/tivaware/driverlib/gcc/libdriver.a(gpio.o)
 .text.GPIOPinTypeGPIOOutputOD
                0x00000000       0x1c /home/sachin/tivaware/driverlib/gcc/libdriver.a(gpio.o)
 .text.GPIOPinTypeHibernateRTCCLK
                0x00000000       0x1c /home/sachin/tivaware/driverlib/gcc/libdriver.a(gpio.o)
 .text.GPIOPinTypeI2C
                0x00000000       0x1c /home/sachin/tivaware/driverlib/gcc/libdriver.a(gpio.o)
 .text.GPIOPinTypeI2CSCL
                0x00000000       0x1c /home/sachin/tivaware/driverlib/gcc/libdriver.a(gpio.o)
 .text.GPIOPinTypeLCD
                0x00000000       0x1c /home/sachin/tivaware/driverlib/gcc/libdriver.a(gpio.o)
 .text.GPIOPinTypeOneWire
                0x00000000       0x1c /home/sachin/tivaware/driverlib/gcc/libdriver.a(gpio.o)
 .text.GPIOPinTypePWM
                0x00000000       0x1c /home/sachin/tivaware/driverlib/gcc/libdriver.a(gpio.o)
 .text.GPIOPinTypeQEI
                0x00000000       0x1c /home/sachin/tivaware/driverlib/gcc/libdriver.a(gpio.o)
 .text.GPIOPinTypeSSI
                0x00000000       0x1c /home/sachin/tivaware/driverlib/gcc/libdriver.a(gpio.o)
 .text.GPIOPinTypeTimer
                0x00000000       0x1c /home/sachin/tivaware/driverlib/gcc/libdriver.a(gpio.o)
 .text.GPIOPinTypeTrace
                0x00000000       0x1c /home/sachin/tivaware/driverlib/gcc/libdriver.a(gpio.o)
 .text.GPIOPinTypeUSBAnalog
                0x00000000       0x1c /home/sachin/tivaware/driverlib/gcc/libdriver.a(gpio.o)
 .text.GPIOPinTypeUSBDigital
                0x00000000       0x1c /home/sachin/tivaware/driverlib/gcc/libdriver.a(gpio.o)
 .text.GPIOPinTypeWakeHigh
                0x00000000       0x1e /home/sachin/tivaware/driverlib/gcc/libdriver.a(gpio.o)
 .text.GPIOPinTypeWakeLow
                0x00000000       0x1e /home/sachin/tivaware/driverlib/gcc/libdriver.a(gpio.o)
 .text.GPIOPinWakeStatus
                0x00000000        0x6 /home/sachin/tivaware/driverlib/gcc/libdriver.a(gpio.o)
 .text.GPIODMATriggerEnable
                0x00000000        0xc /home/sachin/tivaware/driverlib/gcc/libdriver.a(gpio.o)
 .text.GPIODMATriggerDisable
                0x00000000        0xe /home/sachin/tivaware/driverlib/gcc/libdriver.a(gpio.o)
 .text.GPIOADCTriggerEnable
                0x00000000        0xc /home/sachin/tivaware/driverlib/gcc/libdriver.a(gpio.o)
 .text.GPIOADCTriggerDisable
                0x00000000        0xe /home/sachin/tivaware/driverlib/gcc/libdriver.a(gpio.o)
 .text          0x00000000        0x0 /home/sachin/tivaware/driverlib/gcc/libdriver.a(interrupt.o)
 .data          0x00000000        0x0 /home/sachin/tivaware/driverlib/gcc/libdriver.a(interrupt.o)
 .bss           0x00000000        0x0 /home/sachin/tivaware/driverlib/gcc/libdriver.a(interrupt.o)
 .text._IntDefaultHandler
                0x00000000        0x2 /home/sachin/tivaware/driverlib/gcc/libdriver.a(interrupt.o)
 .text.IntMasterDisable
                0x00000000        0xe /home/sachin/tivaware/driverlib/gcc/libdriver.a(interrupt.o)
 .text.IntUnregister
                0x00000000       0x14 /home/sachin/tivaware/driverlib/gcc/libdriver.a(interrupt.o)
 .text.IntPriorityGroupingSet
                0x00000000       0x1c /home/sachin/tivaware/driverlib/gcc/libdriver.a(interrupt.o)
 .text.IntPriorityGroupingGet
                0x00000000       0x24 /home/sachin/tivaware/driverlib/gcc/libdriver.a(interrupt.o)
 .text.IntPrioritySet
                0x00000000       0x28 /home/sachin/tivaware/driverlib/gcc/libdriver.a(interrupt.o)
 .text.IntPriorityGet
                0x00000000       0x1c /home/sachin/tivaware/driverlib/gcc/libdriver.a(interrupt.o)
 .text.IntDisable
                0x00000000       0x60 /home/sachin/tivaware/driverlib/gcc/libdriver.a(interrupt.o)
 .text.IntIsEnabled
                0x00000000       0x64 /home/sachin/tivaware/driverlib/gcc/libdriver.a(interrupt.o)
 .text.IntPendSet
                0x00000000       0x50 /home/sachin/tivaware/driverlib/gcc/libdriver.a(interrupt.o)
 .text.IntPendClear
                0x00000000       0x40 /home/sachin/tivaware/driverlib/gcc/libdriver.a(interrupt.o)
 .text.IntPriorityMaskSet
                0x00000000        0x4 /home/sachin/tivaware/driverlib/gcc/libdriver.a(interrupt.o)
 .text.IntPriorityMaskGet
                0x00000000        0x4 /home/sachin/tivaware/driverlib/gcc/libdriver.a(interrupt.o)
 .text.IntTrigger
                0x00000000        0xc /home/sachin/tivaware/driverlib/gcc/libdriver.a(interrupt.o)
 .rodata.g_pui32Priority
                0x00000000       0x20 /home/sachin/tivaware/driverlib/gcc/libdriver.a(interrupt.o)
 .rodata.g_pui32Dii16Regs
                0x00000000       0x14 /home/sachin/tivaware/driverlib/gcc/libdriver.a(interrupt.o)
 .rodata.g_pui32PendRegs
                0x00000000       0x14 /home/sachin/tivaware/driverlib/gcc/libdriver.a(interrupt.o)
 .rodata.g_pui32Regs
                0x00000000       0x9c /home/sachin/tivaware/driverlib/gcc/libdriver.a(interrupt.o)
 .rodata.g_pui32UnpendRegs
                0x00000000       0x14 /home/sachin/tivaware/driverlib/gcc/libdriver.a(interrupt.o)
 .text          0x00000000        0x0 /home/sachin/tivaware/driverlib/gcc/libdriver.a(sysctl.o)
 .data          0x00000000        0x0 /home/sachin/tivaware/driverlib/gcc/libdriver.a(sysctl.o)
 .bss           0x00000000        0x0 /home/sachin/tivaware/driverlib/gcc/libdriver.a(sysctl.o)
 .text._SysCtlMemTimingGet
                0x00000000       0x28 /home/sachin/tivaware/driverlib/gcc/libdriver.a(sysctl.o)
 .text.SysCtlSRAMSizeGet
                0x00000000       0x10 /home/sachin/tivaware/driverlib/gcc/libdriver.a(sysctl.o)
 .text.SysCtlFlashSizeGet
                0x00000000       0x3c /home/sachin/tivaware/driverlib/gcc/libdriver.a(sysctl.o)
 .text.SysCtlFlashSectorSizeGet
                0x00000000       0x38 /home/sachin/tivaware/driverlib/gcc/libdriver.a(sysctl.o)
 .text.SysCtlPeripheralPresent
                0x00000000       0x28 /home/sachin/tivaware/driverlib/gcc/libdriver.a(sysctl.o)
 .text.SysCtlPeripheralReady
                0x00000000       0x28 /home/sachin/tivaware/driverlib/gcc/libdriver.a(sysctl.o)
 .text.SysCtlPeripheralPowerOn
                0x00000000       0x24 /home/sachin/tivaware/driverlib/gcc/libdriver.a(sysctl.o)
 .text.SysCtlPeripheralPowerOff
                0x00000000       0x24 /home/sachin/tivaware/driverlib/gcc/libdriver.a(sysctl.o)
 .text.SysCtlPeripheralReset
                0x00000000       0x3c /home/sachin/tivaware/driverlib/gcc/libdriver.a(sysctl.o)
 .text.SysCtlPeripheralDisable
                0x00000000       0x24 /home/sachin/tivaware/driverlib/gcc/libdriver.a(sysctl.o)
 .text.SysCtlPeripheralSleepEnable
                0x00000000       0x24 /home/sachin/tivaware/driverlib/gcc/libdriver.a(sysctl.o)
 .text.SysCtlPeripheralSleepDisable
                0x00000000       0x24 /home/sachin/tivaware/driverlib/gcc/libdriver.a(sysctl.o)
 .text.SysCtlPeripheralDeepSleepEnable
                0x00000000       0x24 /home/sachin/tivaware/driverlib/gcc/libdriver.a(sysctl.o)
 .text.SysCtlPeripheralDeepSleepDisable
                0x00000000       0x24 /home/sachin/tivaware/driverlib/gcc/libdriver.a(sysctl.o)
 .text.SysCtlPeripheralClockGating
                0x00000000       0x48 /home/sachin/tivaware/driverlib/gcc/libdriver.a(sysctl.o)
 .text.SysCtlIntRegister
                0x00000000       0x14 /home/sachin/tivaware/driverlib/gcc/libdriver.a(sysctl.o)
 .text.SysCtlIntUnregister
                0x00000000       0x12 /home/sachin/tivaware/driverlib/gcc/libdriver.a(sysctl.o)
 .text.SysCtlIntEnable
                0x00000000       0x10 /home/sachin/tivaware/driverlib/gcc/libdriver.a(sysctl.o)
 .text.SysCtlIntDisable
                0x00000000       0x10 /home/sachin/tivaware/driverlib/gcc/libdriver.a(sysctl.o)
 .text.SysCtlIntClear
                0x00000000        0xc /home/sachin/tivaware/driverlib/gcc/libdriver.a(sysctl.o)
 .text.SysCtlIntStatus
                0x00000000       0x14 /home/sachin/tivaware/driverlib/gcc/libdriver.a(sysctl.o)
 .text.SysCtlLDOSleepSet
                0x00000000        0xc /home/sachin/tivaware/driverlib/gcc/libdriver.a(sysctl.o)
 .text.SysCtlLDOSleepGet
                0x00000000        0xc /home/sachin/tivaware/driverlib/gcc/libdriver.a(sysctl.o)
 .text.SysCtlLDODeepSleepSet
                0x00000000        0xc /home/sachin/tivaware/driverlib/gcc/libdriver.a(sysctl.o)
 .text.SysCtlLDODeepSleepGet
                0x00000000        0xc /home/sachin/tivaware/driverlib/gcc/libdriver.a(sysctl.o)
 .text.SysCtlSleepPowerSet
                0x00000000        0xc /home/sachin/tivaware/driverlib/gcc/libdriver.a(sysctl.o)
 .text.SysCtlDeepSleepPowerSet
                0x00000000        0xc /home/sachin/tivaware/driverlib/gcc/libdriver.a(sysctl.o)
 .text.SysCtlReset
                0x00000000       0x10 /home/sachin/tivaware/driverlib/gcc/libdriver.a(sysctl.o)
 .text.SysCtlSleep
                0x00000000        0x4 /home/sachin/tivaware/driverlib/gcc/libdriver.a(sysctl.o)
 .text.SysCtlDeepSleep
                0x00000000       0x20 /home/sachin/tivaware/driverlib/gcc/libdriver.a(sysctl.o)
 .text.SysCtlResetCauseGet
                0x00000000        0xc /home/sachin/tivaware/driverlib/gcc/libdriver.a(sysctl.o)
 .text.SysCtlResetCauseClear
                0x00000000       0x10 /home/sachin/tivaware/driverlib/gcc/libdriver.a(sysctl.o)
 .text.SysCtlMOSCConfigSet
                0x00000000        0xc /home/sachin/tivaware/driverlib/gcc/libdriver.a(sysctl.o)
 .text.SysCtlPIOSCCalibrate
                0x00000000       0x4c /home/sachin/tivaware/driverlib/gcc/libdriver.a(sysctl.o)
 .text.SysCtlResetBehaviorSet
                0x00000000        0xc /home/sachin/tivaware/driverlib/gcc/libdriver.a(sysctl.o)
 .text.SysCtlResetBehaviorGet
                0x00000000        0xc /home/sachin/tivaware/driverlib/gcc/libdriver.a(sysctl.o)
 .text.SysCtlClockFreqSet
                0x00000000      0x244 /home/sachin/tivaware/driverlib/gcc/libdriver.a(sysctl.o)
 .text.SysCtlClockGet
                0x00000000      0x12c /home/sachin/tivaware/driverlib/gcc/libdriver.a(sysctl.o)
 .text.SysCtlDeepSleepClockSet
                0x00000000        0xc /home/sachin/tivaware/driverlib/gcc/libdriver.a(sysctl.o)
 .text.SysCtlDeepSleepClockConfigSet
                0x00000000       0x60 /home/sachin/tivaware/driverlib/gcc/libdriver.a(sysctl.o)
 .text.SysCtlPWMClockSet
                0x00000000       0x14 /home/sachin/tivaware/driverlib/gcc/libdriver.a(sysctl.o)
 .text.SysCtlPWMClockGet
                0x00000000       0x18 /home/sachin/tivaware/driverlib/gcc/libdriver.a(sysctl.o)
 .text.SysCtlGPIOAHBEnable
                0x00000000       0x18 /home/sachin/tivaware/driverlib/gcc/libdriver.a(sysctl.o)
 .text.SysCtlGPIOAHBDisable
                0x00000000       0x1c /home/sachin/tivaware/driverlib/gcc/libdriver.a(sysctl.o)
 .text.SysCtlUSBPLLEnable
                0x00000000       0x10 /home/sachin/tivaware/driverlib/gcc/libdriver.a(sysctl.o)
 .text.SysCtlUSBPLLDisable
                0x00000000       0x10 /home/sachin/tivaware/driverlib/gcc/libdriver.a(sysctl.o)
 .text.SysCtlVoltageEventConfig
                0x00000000        0xc /home/sachin/tivaware/driverlib/gcc/libdriver.a(sysctl.o)
 .text.SysCtlVoltageEventStatus
                0x00000000        0xc /home/sachin/tivaware/driverlib/gcc/libdriver.a(sysctl.o)
 .text.SysCtlVoltageEventClear
                0x00000000       0x10 /home/sachin/tivaware/driverlib/gcc/libdriver.a(sysctl.o)
 .text.SysCtlNMIStatus
                0x00000000        0xc /home/sachin/tivaware/driverlib/gcc/libdriver.a(sysctl.o)
 .text.SysCtlNMIClear
                0x00000000       0x10 /home/sachin/tivaware/driverlib/gcc/libdriver.a(sysctl.o)
 .text.SysCtlClockOutConfig
                0x00000000       0x10 /home/sachin/tivaware/driverlib/gcc/libdriver.a(sysctl.o)
 .text.SysCtlAltClkConfig
                0x00000000        0xc /home/sachin/tivaware/driverlib/gcc/libdriver.a(sysctl.o)
 .rodata.g_pppui32XTALtoVCO
                0x00000000      0x120 /home/sachin/tivaware/driverlib/gcc/libdriver.a(sysctl.o)
 .rodata.g_pui32VCOFrequencies
                0x00000000        0x8 /home/sachin/tivaware/driverlib/gcc/libdriver.a(sysctl.o)
 .rodata.g_sXTALtoMEMTIM
                0x00000000       0x30 /home/sachin/tivaware/driverlib/gcc/libdriver.a(sysctl.o)
 .rodata.g_pui32Xtals
                0x00000000       0x6c /home/sachin/tivaware/driverlib/gcc/libdriver.a(sysctl.o)
 .text          0x00000000        0x0 /home/sachin/tivaware/driverlib/gcc/libdriver.a(uart.o)
 .data          0x00000000        0x0 /home/sachin/tivaware/driverlib/gcc/libdriver.a(uart.o)
 .bss           0x00000000        0x0 /home/sachin/tivaware/driverlib/gcc/libdriver.a(uart.o)
 .text._UARTIntNumberGet
                0x00000000       0x44 /home/sachin/tivaware/driverlib/gcc/libdriver.a(uart.o)
 .text.UARTParityModeSet
                0x00000000        0xc /home/sachin/tivaware/driverlib/gcc/libdriver.a(uart.o)
 .text.UARTParityModeGet
                0x00000000        0x8 /home/sachin/tivaware/driverlib/gcc/libdriver.a(uart.o)
 .text.UARTFIFOLevelSet
                0x00000000        0x6 /home/sachin/tivaware/driverlib/gcc/libdriver.a(uart.o)
 .text.UARTFIFOLevelGet
                0x00000000       0x10 /home/sachin/tivaware/driverlib/gcc/libdriver.a(uart.o)
 .text.UARTConfigGetExpClk
                0x00000000       0x26 /home/sachin/tivaware/driverlib/gcc/libdriver.a(uart.o)
 .text.UARTFIFOEnable
                0x00000000        0xa /home/sachin/tivaware/driverlib/gcc/libdriver.a(uart.o)
 .text.UARTFIFODisable
                0x00000000        0xa /home/sachin/tivaware/driverlib/gcc/libdriver.a(uart.o)
 .text.UARTEnableSIR
                0x00000000       0x12 /home/sachin/tivaware/driverlib/gcc/libdriver.a(uart.o)
 .text.UARTDisableSIR
                0x00000000        0xa /home/sachin/tivaware/driverlib/gcc/libdriver.a(uart.o)
 .text.UARTSmartCardEnable
                0x00000000       0x16 /home/sachin/tivaware/driverlib/gcc/libdriver.a(uart.o)
 .text.UARTSmartCardDisable
                0x00000000        0xa /home/sachin/tivaware/driverlib/gcc/libdriver.a(uart.o)
 .text.UARTModemControlSet
                0x00000000        0xc /home/sachin/tivaware/driverlib/gcc/libdriver.a(uart.o)
 .text.UARTModemControlClear
                0x00000000        0xe /home/sachin/tivaware/driverlib/gcc/libdriver.a(uart.o)
 .text.UARTModemControlGet
                0x00000000        0x8 /home/sachin/tivaware/driverlib/gcc/libdriver.a(uart.o)
 .text.UARTModemStatusGet
                0x00000000        0xa /home/sachin/tivaware/driverlib/gcc/libdriver.a(uart.o)
 .text.UARTFlowControlSet
                0x00000000        0xc /home/sachin/tivaware/driverlib/gcc/libdriver.a(uart.o)
 .text.UARTFlowControlGet
                0x00000000        0x8 /home/sachin/tivaware/driverlib/gcc/libdriver.a(uart.o)
 .text.UARTTxIntModeSet
                0x00000000        0xc /home/sachin/tivaware/driverlib/gcc/libdriver.a(uart.o)
 .text.UARTTxIntModeGet
                0x00000000        0x8 /home/sachin/tivaware/driverlib/gcc/libdriver.a(uart.o)
 .text.UARTSpaceAvail
                0x00000000        0xc /home/sachin/tivaware/driverlib/gcc/libdriver.a(uart.o)
 .text.UARTCharGetNonBlocking
                0x00000000        0xe /home/sachin/tivaware/driverlib/gcc/libdriver.a(uart.o)
 .text.UARTCharPutNonBlocking
                0x00000000        0xe /home/sachin/tivaware/driverlib/gcc/libdriver.a(uart.o)
 .text.UARTBreakCtl
                0x00000000       0x16 /home/sachin/tivaware/driverlib/gcc/libdriver.a(uart.o)
 .text.UARTBusy
                0x00000000        0x8 /home/sachin/tivaware/driverlib/gcc/libdriver.a(uart.o)
 .text.UARTIntRegister
                0x00000000       0x1a /home/sachin/tivaware/driverlib/gcc/libdriver.a(uart.o)
 .text.UARTIntUnregister
                0x00000000       0x16 /home/sachin/tivaware/driverlib/gcc/libdriver.a(uart.o)
 .text.UARTIntDisable
                0x00000000        0xa /home/sachin/tivaware/driverlib/gcc/libdriver.a(uart.o)
 .text.UARTDMAEnable
                0x00000000        0x8 /home/sachin/tivaware/driverlib/gcc/libdriver.a(uart.o)
 .text.UARTDMADisable
                0x00000000        0xa /home/sachin/tivaware/driverlib/gcc/libdriver.a(uart.o)
 .text.UARTRxErrorGet
                0x00000000        0x8 /home/sachin/tivaware/driverlib/gcc/libdriver.a(uart.o)
 .text.UARTRxErrorClear
                0x00000000        0x6 /home/sachin/tivaware/driverlib/gcc/libdriver.a(uart.o)
 .text.UARTClockSourceSet
                0x00000000        0x6 /home/sachin/tivaware/driverlib/gcc/libdriver.a(uart.o)
 .text.UARTClockSourceGet
                0x00000000        0x6 /home/sachin/tivaware/driverlib/gcc/libdriver.a(uart.o)
 .text.UART9BitEnable
                0x00000000        0xe /home/sachin/tivaware/driverlib/gcc/libdriver.a(uart.o)
 .text.UART9BitDisable
                0x00000000        0xe /home/sachin/tivaware/driverlib/gcc/libdriver.a(uart.o)
 .text.UART9BitAddrSet
                0x00000000        0xa /home/sachin/tivaware/driverlib/gcc/libdriver.a(uart.o)
 .text.UART9BitAddrSend
                0x00000000       0x2c /home/sachin/tivaware/driverlib/gcc/libdriver.a(uart.o)
 .text.UARTLoopbackEnable
                0x00000000        0xa /home/sachin/tivaware/driverlib/gcc/libdriver.a(uart.o)
 .rodata.g_ppui32UARTIntMap
                0x00000000       0x40 /home/sachin/tivaware/driverlib/gcc/libdriver.a(uart.o)
 .rodata.g_ppui32UARTIntMapSnowflake
                0x00000000       0x40 /home/sachin/tivaware/driverlib/gcc/libdriver.a(uart.o)
 .text          0x00000000        0x0 /home/sachin/tivaware/driverlib/gcc/libdriver.a(cpu.o)
 .data          0x00000000        0x0 /home/sachin/tivaware/driverlib/gcc/libdriver.a(cpu.o)
 .bss           0x00000000        0x0 /home/sachin/tivaware/driverlib/gcc/libdriver.a(cpu.o)
 .text.CPUcpsid
                0x00000000        0x8 /home/sachin/tivaware/driverlib/gcc/libdriver.a(cpu.o)
 .text.CPUprimask
                0x00000000        0x6 /home/sachin/tivaware/driverlib/gcc/libdriver.a(cpu.o)
 .text.CPUwfi   0x00000000        0x4 /home/sachin/tivaware/driverlib/gcc/libdriver.a(cpu.o)
 .text.CPUbasepriSet
                0x00000000        0x6 /home/sachin/tivaware/driverlib/gcc/libdriver.a(cpu.o)
 .text.CPUbasepriGet
                0x00000000        0x6 /home/sachin/tivaware/driverlib/gcc/libdriver.a(cpu.o)
 .text          0x00000000        0x0 /home/sachin/MentorGraphics/Sourcery_CodeBench_Lite_for_ARM_EABI/bin/../lib/gcc/arm-none-eabi/4.8.3/thumb2/crtend.o
 .data          0x00000000        0x0 /home/sachin/MentorGraphics/Sourcery_CodeBench_Lite_for_ARM_EABI/bin/../lib/gcc/arm-none-eabi/4.8.3/thumb2/crtend.o
 .bss           0x00000000        0x0 /home/sachin/MentorGraphics/Sourcery_CodeBench_Lite_for_ARM_EABI/bin/../lib/gcc/arm-none-eabi/4.8.3/thumb2/crtend.o
 .eh_frame      0x00000000        0x4 /home/sachin/MentorGraphics/Sourcery_CodeBench_Lite_for_ARM_EABI/bin/../lib/gcc/arm-none-eabi/4.8.3/thumb2/crtend.o
 .jcr           0x00000000        0x4 /home/sachin/MentorGraphics/Sourcery_CodeBench_Lite_for_ARM_EABI/bin/../lib/gcc/arm-none-eabi/4.8.3/thumb2/crtend.o
 .tm_clone_table
                0x00000000        0x0 /home/sachin/MentorGraphics/Sourcery_CodeBench_Lite_for_ARM_EABI/bin/../lib/gcc/arm-none-eabi/4.8.3/thumb2/crtend.o
 .ARM.attributes
                0x00000000       0x29 /home/sachin/MentorGraphics/Sourcery_CodeBench_Lite_for_ARM_EABI/bin/../lib/gcc/arm-none-eabi/4.8.3/thumb2/crtend.o
 .text          0x00000000        0x0 /home/sachin/MentorGraphics/Sourcery_CodeBench_Lite_for_ARM_EABI/bin/../lib/gcc/arm-none-eabi/4.8.3/thumb2/crtn.o
 .data          0x00000000        0x0 /home/sachin/MentorGraphics/Sourcery_CodeBench_Lite_for_ARM_EABI/bin/../lib/gcc/arm-none-eabi/4.8.3/thumb2/crtn.o
 .bss           0x00000000        0x0 /home/sachin/MentorGraphics/Sourcery_CodeBench_Lite_for_ARM_EABI/bin/../lib/gcc/arm-none-eabi/4.8.3/thumb2/crtn.o
 .init          0x00000000        0x8 /home/sachin/MentorGraphics/Sourcery_CodeBench_Lite_for_ARM_EABI/bin/../lib/gcc/arm-none-eabi/4.8.3/thumb2/crtn.o
 .fini          0x00000000        0x8 /home/sachin/MentorGraphics/Sourcery_CodeBench_Lite_for_ARM_EABI/bin/../lib/gcc/arm-none-eabi/4.8.3/thumb2/crtn.o
 .ARM.attributes
                0x00000000       0x19 /home/sachin/MentorGraphics/Sourcery_CodeBench_Lite_for_ARM_EABI/bin/../lib/gcc/arm-none-eabi/4.8.3/thumb2/crtn.o

Memory Configuration

Name             Origin             Length             Attributes
FLASH            0x00000000         0x00040000         xr
RAM              0x20000000         0x00008000         xrw
STACK            0x20007fff         0x00000000         xrw
*default*        0x00000000         0xffffffff

Linker script and memory map

LOAD /home/sachin/MentorGraphics/Sourcery_CodeBench_Lite_for_ARM_EABI/bin/../lib/gcc/arm-none-eabi/4.8.3/thumb2/crti.o
LOAD /home/sachin/MentorGraphics/Sourcery_CodeBench_Lite_for_ARM_EABI/bin/../lib/gcc/arm-none-eabi/4.8.3/thumb2/crtbegin.o

.mydata1        0x20000000        0x0
                0x20000000                . = ALIGN (0x1)
 *(.mydata1.*)
                0x20000000                . = ALIGN (0x8)

.mydata2        0x20000070        0x0
                0x20000070                . = ALIGN (0x1)
 *(.mydata2.*)
                0x20000070                . = ALIGN (0x8)

.mydata3        0x20000100        0x0
                0x20000100                . = ALIGN (0x1)
 *(.mydata3.*)
                0x20000100                . = ALIGN (0x8)

.mydata4        0x20000170        0x0
                0x20000170                . = ALIGN (0x1)
 *(.mydata4.*)
                0x20000170                . = ALIGN (0x8)

.text           0x00000000     0x3bb8
 *(.nvic_table)
 .nvic_table    0x00000000      0x26c ./startup_gcc.o
                0x00000000                myvectors
 *(.isr_vector)
 *(.text.*)
 .text.main     0x0000026c       0x18 ./main.o
                0x0000026c                main
 .text.mylcddelay
                0x00000284       0x28 ./mylcd.o
                0x00000284                mylcddelay
 .text.digitlcdinitgpio
                0x000002ac       0x38 ./mylcd.o
                0x000002ac                digitlcdinitgpio
 .text.digitlcdcommand
                0x000002e4       0x60 ./mylcd.o
                0x000002e4                digitlcdcommand
 .text.digitlcddata
                0x00000344       0x60 ./mylcd.o
                0x00000344                digitlcddata
 .text.digitlcdinit
                0x000003a4       0x40 ./mylcd.o
                0x000003a4                digitlcdinit
 .text.startdigitlcd
                0x000003e4       0x54 ./mylcd.o
                0x000003e4                startdigitlcd
 .text.Delay    0x00000438       0x20 ./nokialcd.o
                0x00000438                Delay
 .text.setbit   0x00000458       0x24 ./nokialcd.o
                0x00000458                setbit
 .text.resetbit
                0x0000047c       0x24 ./nokialcd.o
                0x0000047c                resetbit
 .text.WriteSpiCommand
                0x000004a0       0x84 ./nokialcd.o
                0x000004a0                WriteSpiCommand
 .text.WriteSpiData
                0x00000524       0x84 ./nokialcd.o
                0x00000524                WriteSpiData
 .text.InitLcd  0x000005a8      0x168 ./nokialcd.o
                0x000005a8                InitLcd
 .text.LCDClearScreen
                0x00000710       0xac ./nokialcd.o
                0x00000710                LCDClearScreen
 .text.LCDSetXY
                0x000007bc       0x44 ./nokialcd.o
                0x000007bc                LCDSetXY
 .text.LCDSetPixel
                0x00000800       0x40 ./nokialcd.o
                0x00000800                LCDSetPixel
 .text.LCDSetLine
                0x00000840       0xfc ./nokialcd.o
                0x00000840                LCDSetLine
 .text.LCDSetRect
                0x0000093c      0x144 ./nokialcd.o
                0x0000093c                LCDSetRect
 .text.LCDWriteBmp3x
                0x00000a80      0x214 ./nokialcd.o
                0x00000a80                LCDWriteBmp3x
 .text.LCDWriteBmp
                0x00000c94      0x14c ./nokialcd.o
                0x00000c94                LCDWriteBmp
 .text.displayinit
                0x00000de0      0x180 ./nokialcd.o
                0x00000de0                displayinit
 .text.rst_handler
                0x00000f60       0x68 ./startup_gcc.o
                0x00000f60                rst_handler
 .text.nmi_handler
                0x00000fc8        0x8 ./startup_gcc.o
                0x00000fc8                nmi_handler
 .text.hardfault_handler
                0x00000fd0        0x8 ./startup_gcc.o
                0x00000fd0                hardfault_handler
 .text.empty_def_handler
                0x00000fd8        0x8 ./startup_gcc.o
                0x00000fd8                empty_def_handler
 .text.initdeselogo
                0x00000fe0     0x209c ./userinterrupt.o
                0x00000fe0                initdeselogo
 .text.onButtonDown
                0x0000307c       0x30 ./userinterrupt.o
                0x0000307c                onButtonDown
 .text.SW2intinit
                0x000030ac       0x80 ./userinterrupt.o
                0x000030ac                SW2intinit
 .text.uartintinit
                0x0000312c       0x98 ./userinterrupt.o
                0x0000312c                uartintinit
 .text.UARTIntHandler
                0x000031c4      0x18c ./userinterrupt.o
                0x000031c4                UARTIntHandler
 .text.displaymasterinit
                0x00003350       0x60 ./userinterrupt.o
                0x00003350                displaymasterinit
 .text.toggleled
                0x000033b0       0x2c ./userinterrupt.o
                0x000033b0                toggleled
 .text.togglerled
                0x000033dc       0x2c ./userinterrupt.o
                0x000033dc                togglerled
 .text._GPIOIntNumberGet
                0x00003408       0x44 /home/sachin/tivaware/driverlib/gcc/libdriver.a(gpio.o)
 .text.GPIODirModeSet
                0x0000344c       0x2e /home/sachin/tivaware/driverlib/gcc/libdriver.a(gpio.o)
                0x0000344c                GPIODirModeSet
 .text.GPIOIntTypeSet
                0x0000347a       0x5a /home/sachin/tivaware/driverlib/gcc/libdriver.a(gpio.o)
                0x0000347a                GPIOIntTypeSet
 .text.GPIOPadConfigSet
                0x000034d4      0x134 /home/sachin/tivaware/driverlib/gcc/libdriver.a(gpio.o)
                0x000034d4                GPIOPadConfigSet
 .text.GPIOIntEnable
                0x00003608        0xc /home/sachin/tivaware/driverlib/gcc/libdriver.a(gpio.o)
                0x00003608                GPIOIntEnable
 .text.GPIOIntDisable
                0x00003614        0xe /home/sachin/tivaware/driverlib/gcc/libdriver.a(gpio.o)
                0x00003614                GPIOIntDisable
 .text.GPIOIntStatus
                0x00003622        0xe /home/sachin/tivaware/driverlib/gcc/libdriver.a(gpio.o)
                0x00003622                GPIOIntStatus
 .text.GPIOIntClear
                0x00003630        0x6 /home/sachin/tivaware/driverlib/gcc/libdriver.a(gpio.o)
                0x00003630                GPIOIntClear
 .text.GPIOIntRegister
                0x00003636       0x1a /home/sachin/tivaware/driverlib/gcc/libdriver.a(gpio.o)
                0x00003636                GPIOIntRegister
 .text.GPIOPinRead
                0x00003650        0x6 /home/sachin/tivaware/driverlib/gcc/libdriver.a(gpio.o)
                0x00003650                GPIOPinRead
 .text.GPIOPinWrite
                0x00003656        0x6 /home/sachin/tivaware/driverlib/gcc/libdriver.a(gpio.o)
                0x00003656                GPIOPinWrite
 .text.GPIOPinTypeGPIOInput
                0x0000365c       0x1c /home/sachin/tivaware/driverlib/gcc/libdriver.a(gpio.o)
                0x0000365c                GPIOPinTypeGPIOInput
 .text.GPIOPinTypeGPIOOutput
                0x00003678       0x1c /home/sachin/tivaware/driverlib/gcc/libdriver.a(gpio.o)
                0x00003678                GPIOPinTypeGPIOOutput
 .text.GPIOPinTypeUART
                0x00003694       0x1c /home/sachin/tivaware/driverlib/gcc/libdriver.a(gpio.o)
                0x00003694                GPIOPinTypeUART
 .text.GPIOPinConfigure
                0x000036b0       0x48 /home/sachin/tivaware/driverlib/gcc/libdriver.a(gpio.o)
                0x000036b0                GPIOPinConfigure
 .text.IntMasterEnable
                0x000036f8        0xe /home/sachin/tivaware/driverlib/gcc/libdriver.a(interrupt.o)
                0x000036f8                IntMasterEnable
 *fill*         0x00003706        0x2 
 .text.IntRegister
                0x00003708       0x30 /home/sachin/tivaware/driverlib/gcc/libdriver.a(interrupt.o)
                0x00003708                IntRegister
 .text.IntEnable
                0x00003738       0x60 /home/sachin/tivaware/driverlib/gcc/libdriver.a(interrupt.o)
                0x00003738                IntEnable
 .text.SysCtlPeripheralEnable
                0x00003798       0x24 /home/sachin/tivaware/driverlib/gcc/libdriver.a(sysctl.o)
                0x00003798                SysCtlPeripheralEnable
 .text.SysCtlDelay
                0x000037bc        0x8 /home/sachin/tivaware/driverlib/gcc/libdriver.a(sysctl.o)
                0x000037bc                SysCtlDelay
 .text.SysCtlClockSet
                0x000037c4      0x11c /home/sachin/tivaware/driverlib/gcc/libdriver.a(sysctl.o)
                0x000037c4                SysCtlClockSet
 .text.UARTEnable
                0x000038e0       0x16 /home/sachin/tivaware/driverlib/gcc/libdriver.a(uart.o)
                0x000038e0                UARTEnable
 .text.UARTDisable
                0x000038f6       0x1c /home/sachin/tivaware/driverlib/gcc/libdriver.a(uart.o)
                0x000038f6                UARTDisable
 .text.UARTConfigSetExpClk
                0x00003912       0x44 /home/sachin/tivaware/driverlib/gcc/libdriver.a(uart.o)
                0x00003912                UARTConfigSetExpClk
 .text.UARTCharsAvail
                0x00003956        0xc /home/sachin/tivaware/driverlib/gcc/libdriver.a(uart.o)
                0x00003956                UARTCharsAvail
 .text.UARTCharGet
                0x00003962        0xa /home/sachin/tivaware/driverlib/gcc/libdriver.a(uart.o)
                0x00003962                UARTCharGet
 .text.UARTCharPut
                0x0000396c        0xa /home/sachin/tivaware/driverlib/gcc/libdriver.a(uart.o)
                0x0000396c                UARTCharPut
 .text.UARTIntEnable
                0x00003976        0x8 /home/sachin/tivaware/driverlib/gcc/libdriver.a(uart.o)
                0x00003976                UARTIntEnable
 .text.UARTIntStatus
                0x0000397e        0xa /home/sachin/tivaware/driverlib/gcc/libdriver.a(uart.o)
                0x0000397e                UARTIntStatus
 .text.UARTIntClear
                0x00003988        0x4 /home/sachin/tivaware/driverlib/gcc/libdriver.a(uart.o)
                0x00003988                UARTIntClear
 .text.CPUcpsie
                0x0000398c        0x8 /home/sachin/tivaware/driverlib/gcc/libdriver.a(cpu.o)
                0x0000398c                CPUcpsie
 *(.rodata.*)
 .rodata.g_ppui32GPIOIntMapSnowflake
                0x00003994       0xc0 /home/sachin/tivaware/driverlib/gcc/libdriver.a(gpio.o)
 .rodata.g_pui32GPIOBaseAddrs
                0x00003a54       0x90 /home/sachin/tivaware/driverlib/gcc/libdriver.a(gpio.o)
 .rodata.g_ppui32GPIOIntMapBlizzard
                0x00003ae4       0xc0 /home/sachin/tivaware/driverlib/gcc/libdriver.a(gpio.o)
 .rodata.g_pui32EnRegs
                0x00003ba4       0x14 /home/sachin/tivaware/driverlib/gcc/libdriver.a(interrupt.o)
                0x00003bb8                _end_text = .

.glue_7         0x00003bb8        0x0
 .glue_7        0x00000000        0x0 linker stubs

.glue_7t        0x00003bb8        0x0
 .glue_7t       0x00000000        0x0 linker stubs

.vfp11_veneer   0x00003bb8        0x0
 .vfp11_veneer  0x00000000        0x0 linker stubs

.v4_bx          0x00003bb8        0x0
 .v4_bx         0x00000000        0x0 linker stubs

.iplt           0x00003bb8        0x0
 .iplt          0x00000000        0x0 /home/sachin/MentorGraphics/Sourcery_CodeBench_Lite_for_ARM_EABI/bin/../lib/gcc/arm-none-eabi/4.8.3/thumb2/crtbegin.o

.rel.dyn        0x00003bb8        0x0
 .rel.iplt      0x00000000        0x0 /home/sachin/MentorGraphics/Sourcery_CodeBench_Lite_for_ARM_EABI/bin/../lib/gcc/arm-none-eabi/4.8.3/thumb2/crtbegin.o

.data           0x20000000      0x800 load address 0x00003bb8
                0x20000000                _start_data = .
 *(.data.*)
 .data.string1  0x20000000        0x8 ./mylcd.o
                0x20000000                string1
 *(vtable)
 *fill*         0x20000008      0x3f8 
 vtable         0x20000400      0x400 /home/sachin/tivaware/driverlib/gcc/libdriver.a(interrupt.o)
                0x20000800                _end_data = .

.igot.plt       0x20000800        0x0 load address 0x000043b8
 .igot.plt      0x00000000        0x0 /home/sachin/MentorGraphics/Sourcery_CodeBench_Lite_for_ARM_EABI/bin/../lib/gcc/arm-none-eabi/4.8.3/thumb2/crtbegin.o

.bss            0x20000800      0x688 load address 0x000043b8
                0x20000800                _start_bss = .
 *(.bss.*)
 .bss.command.4973
                0x20000800        0x4 ./userinterrupt.o
 .bss.n.4972    0x20000804        0x4 ./userinterrupt.o
 *(COMMON)
 COMMON         0x20000808      0x65c ./main.o
                0x20000808                image
                0x20000c08                deselogo
                0x20000e60                startpredict
 COMMON         0x20000e64       0x24 ./nokialcd.o
                0x20000e64                BLUE
                0x20000e68                mode
                0x20000e6c                GREEN
                0x20000e70                WHITE
                0x20000e74                MAGENTA
                0x20000e78                CYAN
                0x20000e7c                RED
                0x20000e80                BLACK
                0x20000e84                YELLOW
                0x20000e88                _end_bss = .

.stack          0x20007fff        0x0
                0x20007fff                _stack_top = .
LOAD ./main.o
LOAD ./mylcd.o
LOAD ./nokialcd.o
LOAD ./startup_gcc.o
LOAD ./userinterrupt.o
LOAD /home/sachin/tivaware/driverlib/gcc/libdriver.a
LOAD /home/sachin/Eclipse/workspace/librarycreation/Debug/liblibrarycreation.a
START GROUP
LOAD /home/sachin/MentorGraphics/Sourcery_CodeBench_Lite_for_ARM_EABI/bin/../lib/gcc/arm-none-eabi/4.8.3/thumb2/libgcc.a
LOAD /home/sachin/MentorGraphics/Sourcery_CodeBench_Lite_for_ARM_EABI/bin/../lib/gcc/arm-none-eabi/4.8.3/../../../../arm-none-eabi/lib/thumb2/libc.a
END GROUP
LOAD /home/sachin/MentorGraphics/Sourcery_CodeBench_Lite_for_ARM_EABI/bin/../lib/gcc/arm-none-eabi/4.8.3/thumb2/crtend.o
LOAD /home/sachin/MentorGraphics/Sourcery_CodeBench_Lite_for_ARM_EABI/bin/../lib/gcc/arm-none-eabi/4.8.3/thumb2/crtn.o
OUTPUT(Blinky.elf elf32-littlearm)

.debug_info     0x00000000      0xb86
 .debug_info    0x00000000       0xe8 ./main.o
 .debug_info    0x000000e8      0x17a ./mylcd.o
 .debug_info    0x00000262      0x64b ./nokialcd.o
 .debug_info    0x000008ad      0x10d ./startup_gcc.o
 .debug_info    0x000009ba      0x1cc ./userinterrupt.o

.debug_abbrev   0x00000000      0x45b
 .debug_abbrev  0x00000000       0x68 ./main.o
 .debug_abbrev  0x00000068       0xc7 ./mylcd.o
 .debug_abbrev  0x0000012f      0x185 ./nokialcd.o
 .debug_abbrev  0x000002b4       0xb6 ./startup_gcc.o
 .debug_abbrev  0x0000036a       0xf1 ./userinterrupt.o

.debug_aranges  0x00000000      0x188
 .debug_aranges
                0x00000000       0x20 ./main.o
 .debug_aranges
                0x00000020       0x48 ./mylcd.o
 .debug_aranges
                0x00000068       0x90 ./nokialcd.o
 .debug_aranges
                0x000000f8       0x38 ./startup_gcc.o
 .debug_aranges
                0x00000130       0x58 ./userinterrupt.o

.debug_ranges   0x00000000      0x138
 .debug_ranges  0x00000000       0x10 ./main.o
 .debug_ranges  0x00000010       0x38 ./mylcd.o
 .debug_ranges  0x00000048       0x80 ./nokialcd.o
 .debug_ranges  0x000000c8       0x28 ./startup_gcc.o
 .debug_ranges  0x000000f0       0x48 ./userinterrupt.o

.debug_macro    0x00000000     0xfcde
 .debug_macro   0x00000000       0xd8 ./main.o
 .debug_macro   0x000000d8      0x86e ./main.o
 .debug_macro   0x00000946       0x52 ./main.o
 .debug_macro   0x00000998       0x16 ./main.o
 .debug_macro   0x000009ae       0x35 ./main.o
 .debug_macro   0x000009e3       0xa2 ./main.o
 .debug_macro   0x00000a85      0x20e ./main.o
 .debug_macro   0x00000c93       0x22 ./main.o
 .debug_macro   0x00000cb5       0x58 ./main.o
 .debug_macro   0x00000d0d      0x946 ./main.o
 .debug_macro   0x00001653      0x25e ./main.o
 .debug_macro   0x000018b1       0x10 ./main.o
 .debug_macro   0x000018c1       0x46 ./main.o
 .debug_macro   0x00001907      0x101 ./main.o
 .debug_macro   0x00001a08       0x10 ./main.o
 .debug_macro   0x00001a18      0x3d7 ./main.o
 .debug_macro   0x00001def      0xefe ./main.o
 .debug_macro   0x00002ced      0xa88 ./main.o
 .debug_macro   0x00003775      0x17a ./main.o
 .debug_macro   0x000038ef      0x110 ./mylcd.o
 .debug_macro   0x000039ff       0x3a ./mylcd.o
 .debug_macro   0x00003a39       0x52 ./mylcd.o
 .debug_macro   0x00003a8b       0x16 ./mylcd.o
 .debug_macro   0x00003aa1       0x19 ./mylcd.o
 .debug_macro   0x00003aba      0x19c ./mylcd.o
 .debug_macro   0x00003c56      0x166 ./mylcd.o
 .debug_macro   0x00003dbc      0x214 ./mylcd.o
 .debug_macro   0x00003fd0      0x29f ./mylcd.o
 .debug_macro   0x0000426f       0x10 ./mylcd.o
 .debug_macro   0x0000427f       0x35 ./mylcd.o
 .debug_macro   0x000042b4       0x1f ./mylcd.o
 .debug_macro   0x000042d3     0xb522 ./mylcd.o
 .debug_macro   0x0000f7f5      0x139 ./nokialcd.o
 .debug_macro   0x0000f92e      0x23b ./nokialcd.o
 .debug_macro   0x0000fb69       0x11 ./startup_gcc.o
 .debug_macro   0x0000fb7a      0x164 ./userinterrupt.o

.debug_line     0x00000000     0x1419
 .debug_line    0x00000000      0x2f3 ./main.o
 .debug_line    0x000002f3      0x400 ./mylcd.o
 .debug_line    0x000006f3      0x5a1 ./nokialcd.o
 .debug_line    0x00000c94       0x93 ./startup_gcc.o
 .debug_line    0x00000d27      0x6f2 ./userinterrupt.o

.debug_str      0x00000000    0x52adb
 .debug_str     0x00000000    0x1699d ./main.o
                              0x16b10 (size before relaxing)
 .debug_str     0x0001699d    0x3b988 ./mylcd.o
                              0x426fd (size before relaxing)
 .debug_str     0x00052325      0x681 ./nokialcd.o
                               0x6ccb (size before relaxing)
 .debug_str     0x000529a6       0x9b ./startup_gcc.o
                               0x24c8 (size before relaxing)
 .debug_str     0x00052a41       0x9a ./userinterrupt.o
                              0x19761 (size before relaxing)

.comment        0x00000000       0x46
 .comment       0x00000000       0x46 ./main.o
                                 0x47 (size before relaxing)
 .comment       0x00000000       0x47 ./mylcd.o
 .comment       0x00000000       0x47 ./nokialcd.o
 .comment       0x00000000       0x47 ./startup_gcc.o
 .comment       0x00000000       0x47 ./userinterrupt.o
 .comment       0x00000000       0x47 /home/sachin/tivaware/driverlib/gcc/libdriver.a(gpio.o)
 .comment       0x00000000       0x47 /home/sachin/tivaware/driverlib/gcc/libdriver.a(interrupt.o)
 .comment       0x00000000       0x47 /home/sachin/tivaware/driverlib/gcc/libdriver.a(sysctl.o)
 .comment       0x00000000       0x47 /home/sachin/tivaware/driverlib/gcc/libdriver.a(uart.o)
 .comment       0x00000000       0x47 /home/sachin/tivaware/driverlib/gcc/libdriver.a(cpu.o)

.ARM.attributes
                0x00000000       0x35
 .ARM.attributes
                0x00000000       0x37 ./main.o
 .ARM.attributes
                0x00000037       0x37 ./mylcd.o
 .ARM.attributes
                0x0000006e       0x37 ./nokialcd.o
 .ARM.attributes
                0x000000a5       0x37 ./startup_gcc.o
 .ARM.attributes
                0x000000dc       0x37 ./userinterrupt.o
 .ARM.attributes
                0x00000113       0x37 /home/sachin/tivaware/driverlib/gcc/libdriver.a(gpio.o)
 .ARM.attributes
                0x0000014a       0x37 /home/sachin/tivaware/driverlib/gcc/libdriver.a(interrupt.o)
 .ARM.attributes
                0x00000181       0x37 /home/sachin/tivaware/driverlib/gcc/libdriver.a(sysctl.o)
 .ARM.attributes
                0x000001b8       0x37 /home/sachin/tivaware/driverlib/gcc/libdriver.a(uart.o)
 .ARM.attributes
                0x000001ef       0x37 /home/sachin/tivaware/driverlib/gcc/libdriver.a(cpu.o)

.debug_frame    0x00000000      0x440
 .debug_frame   0x00000000       0x2c ./main.o
 .debug_frame   0x0000002c       0xc4 ./mylcd.o
 .debug_frame   0x000000f0      0x1e8 ./nokialcd.o
 .debug_frame   0x000002d8       0x78 ./startup_gcc.o
 .debug_frame   0x00000350       0xf0 ./userinterrupt.o
