Archive member included to satisfy reference by file (symbol)

/home/sachin/tivaware/driverlib/gcc/libdriver.a(gpio.o)
                              ./userinterrupt.o (GPIOIntTypeSet)
/home/sachin/tivaware/driverlib/gcc/libdriver.a(interrupt.o)
                              ./userinterrupt.o (IntMasterEnable)
/home/sachin/tivaware/driverlib/gcc/libdriver.a(sysctl.o)
                              ./userinterrupt.o (SysCtlPeripheralEnable)
/home/sachin/tivaware/driverlib/gcc/libdriver.a(uart.o)
                              ./userinterrupt.o (UARTConfigSetExpClk)
/home/sachin/tivaware/driverlib/gcc/libdriver.a(cpu.o)
                              /home/sachin/tivaware/driverlib/gcc/libdriver.a(interrupt.o) (CPUcpsid)
/home/sachin/MentorGraphics/Sourcery_CodeBench_Lite_for_ARM_EABI/bin/../lib/gcc/arm-none-eabi/4.8.3/../../../../arm-none-eabi/lib/thumb2/libm.a(lib_a-w_exp.o)
                              ./main.o (exp)
/home/sachin/MentorGraphics/Sourcery_CodeBench_Lite_for_ARM_EABI/bin/../lib/gcc/arm-none-eabi/4.8.3/../../../../arm-none-eabi/lib/thumb2/libm.a(lib_a-e_exp.o)
                              /home/sachin/MentorGraphics/Sourcery_CodeBench_Lite_for_ARM_EABI/bin/../lib/gcc/arm-none-eabi/4.8.3/../../../../arm-none-eabi/lib/thumb2/libm.a(lib_a-w_exp.o) (__ieee754_exp)
/home/sachin/MentorGraphics/Sourcery_CodeBench_Lite_for_ARM_EABI/bin/../lib/gcc/arm-none-eabi/4.8.3/../../../../arm-none-eabi/lib/thumb2/libm.a(lib_a-s_finite.o)
                              /home/sachin/MentorGraphics/Sourcery_CodeBench_Lite_for_ARM_EABI/bin/../lib/gcc/arm-none-eabi/4.8.3/../../../../arm-none-eabi/lib/thumb2/libm.a(lib_a-w_exp.o) (finite)
/home/sachin/MentorGraphics/Sourcery_CodeBench_Lite_for_ARM_EABI/bin/../lib/gcc/arm-none-eabi/4.8.3/../../../../arm-none-eabi/lib/thumb2/libm.a(lib_a-s_lib_ver.o)
                              /home/sachin/MentorGraphics/Sourcery_CodeBench_Lite_for_ARM_EABI/bin/../lib/gcc/arm-none-eabi/4.8.3/../../../../arm-none-eabi/lib/thumb2/libm.a(lib_a-w_exp.o) (__fdlib_version)
/home/sachin/MentorGraphics/Sourcery_CodeBench_Lite_for_ARM_EABI/bin/../lib/gcc/arm-none-eabi/4.8.3/../../../../arm-none-eabi/lib/thumb2/libm.a(lib_a-s_matherr.o)
                              /home/sachin/MentorGraphics/Sourcery_CodeBench_Lite_for_ARM_EABI/bin/../lib/gcc/arm-none-eabi/4.8.3/../../../../arm-none-eabi/lib/thumb2/libm.a(lib_a-w_exp.o) (matherr)
/home/sachin/MentorGraphics/Sourcery_CodeBench_Lite_for_ARM_EABI/bin/../lib/gcc/arm-none-eabi/4.8.3/thumb2/libgcc.a(_arm_addsubdf3.o)
                              ./main.o (__aeabi_dsub)
/home/sachin/MentorGraphics/Sourcery_CodeBench_Lite_for_ARM_EABI/bin/../lib/gcc/arm-none-eabi/4.8.3/thumb2/libgcc.a(_arm_muldivdf3.o)
                              ./main.o (__aeabi_dmul)
/home/sachin/MentorGraphics/Sourcery_CodeBench_Lite_for_ARM_EABI/bin/../lib/gcc/arm-none-eabi/4.8.3/thumb2/libgcc.a(_arm_cmpdf2.o)
                              /home/sachin/MentorGraphics/Sourcery_CodeBench_Lite_for_ARM_EABI/bin/../lib/gcc/arm-none-eabi/4.8.3/../../../../arm-none-eabi/lib/thumb2/libm.a(lib_a-w_exp.o) (__aeabi_dcmplt)
/home/sachin/MentorGraphics/Sourcery_CodeBench_Lite_for_ARM_EABI/bin/../lib/gcc/arm-none-eabi/4.8.3/thumb2/libgcc.a(_arm_fixdfsi.o)
                              /home/sachin/MentorGraphics/Sourcery_CodeBench_Lite_for_ARM_EABI/bin/../lib/gcc/arm-none-eabi/4.8.3/../../../../arm-none-eabi/lib/thumb2/libm.a(lib_a-e_exp.o) (__aeabi_d2iz)
/home/sachin/MentorGraphics/Sourcery_CodeBench_Lite_for_ARM_EABI/bin/../lib/gcc/arm-none-eabi/4.8.3/../../../../arm-none-eabi/lib/thumb2/libc.a(lib_a-errno.o)
                              /home/sachin/MentorGraphics/Sourcery_CodeBench_Lite_for_ARM_EABI/bin/../lib/gcc/arm-none-eabi/4.8.3/../../../../arm-none-eabi/lib/thumb2/libm.a(lib_a-w_exp.o) (__errno)
/home/sachin/MentorGraphics/Sourcery_CodeBench_Lite_for_ARM_EABI/bin/../lib/gcc/arm-none-eabi/4.8.3/../../../../arm-none-eabi/lib/thumb2/libc.a(lib_a-impure.o)
                              /home/sachin/MentorGraphics/Sourcery_CodeBench_Lite_for_ARM_EABI/bin/../lib/gcc/arm-none-eabi/4.8.3/../../../../arm-none-eabi/lib/thumb2/libc.a(lib_a-errno.o) (_impure_ptr)

Allocating common symbols
Common symbol       size              file

dActivationFunction
                    0x4               ./main.o
image               0x400             ./main.o
BLUE                0x4               ./nokialcd.o
mode                0x4               ./nokialcd.o
GREEN               0x4               ./nokialcd.o
deselogo            0x258             ./main.o
activationfunction  0x4               ./main.o
WHITE               0x4               ./nokialcd.o
startpredict        0x4               ./main.o
MAGENTA             0x4               ./nokialcd.o
CYAN                0x4               ./nokialcd.o
inputVector         0x1880            ./main.o
outputVector        0x50              ./main.o
RED                 0x4               ./nokialcd.o
BLACK               0x4               ./nokialcd.o
YELLOW              0x4               ./nokialcd.o

Discarded input sections

 .text          0x00000000        0x0 /home/sachin/MentorGraphics/Sourcery_CodeBench_Lite_for_ARM_EABI/bin/../lib/gcc/arm-none-eabi/4.8.3/thumb2/crti.o
 .data          0x00000000        0x0 /home/sachin/MentorGraphics/Sourcery_CodeBench_Lite_for_ARM_EABI/bin/../lib/gcc/arm-none-eabi/4.8.3/thumb2/crti.o
 .bss           0x00000000        0x0 /home/sachin/MentorGraphics/Sourcery_CodeBench_Lite_for_ARM_EABI/bin/../lib/gcc/arm-none-eabi/4.8.3/thumb2/crti.o
 .init          0x00000000        0x4 /home/sachin/MentorGraphics/Sourcery_CodeBench_Lite_for_ARM_EABI/bin/../lib/gcc/arm-none-eabi/4.8.3/thumb2/crti.o
 .fini          0x00000000        0x4 /home/sachin/MentorGraphics/Sourcery_CodeBench_Lite_for_ARM_EABI/bin/../lib/gcc/arm-none-eabi/4.8.3/thumb2/crti.o
 .ARM.attributes
                0x00000000       0x19 /home/sachin/MentorGraphics/Sourcery_CodeBench_Lite_for_ARM_EABI/bin/../lib/gcc/arm-none-eabi/4.8.3/thumb2/crti.o
 .text          0x00000000       0xc8 /home/sachin/MentorGraphics/Sourcery_CodeBench_Lite_for_ARM_EABI/bin/../lib/gcc/arm-none-eabi/4.8.3/thumb2/crtbegin.o
 .data          0x00000000        0x4 /home/sachin/MentorGraphics/Sourcery_CodeBench_Lite_for_ARM_EABI/bin/../lib/gcc/arm-none-eabi/4.8.3/thumb2/crtbegin.o
 .bss           0x00000000       0x1c /home/sachin/MentorGraphics/Sourcery_CodeBench_Lite_for_ARM_EABI/bin/../lib/gcc/arm-none-eabi/4.8.3/thumb2/crtbegin.o
 .init_array    0x00000000        0x4 /home/sachin/MentorGraphics/Sourcery_CodeBench_Lite_for_ARM_EABI/bin/../lib/gcc/arm-none-eabi/4.8.3/thumb2/crtbegin.o
 .fini_array    0x00000000        0x4 /home/sachin/MentorGraphics/Sourcery_CodeBench_Lite_for_ARM_EABI/bin/../lib/gcc/arm-none-eabi/4.8.3/thumb2/crtbegin.o
 .eh_frame      0x00000000        0x0 /home/sachin/MentorGraphics/Sourcery_CodeBench_Lite_for_ARM_EABI/bin/../lib/gcc/arm-none-eabi/4.8.3/thumb2/crtbegin.o
 .jcr           0x00000000        0x0 /home/sachin/MentorGraphics/Sourcery_CodeBench_Lite_for_ARM_EABI/bin/../lib/gcc/arm-none-eabi/4.8.3/thumb2/crtbegin.o
 .tm_clone_table
                0x00000000        0x0 /home/sachin/MentorGraphics/Sourcery_CodeBench_Lite_for_ARM_EABI/bin/../lib/gcc/arm-none-eabi/4.8.3/thumb2/crtbegin.o
 .ARM.attributes
                0x00000000       0x29 /home/sachin/MentorGraphics/Sourcery_CodeBench_Lite_for_ARM_EABI/bin/../lib/gcc/arm-none-eabi/4.8.3/thumb2/crtbegin.o
 .group         0x00000000        0x8 ./main.o
 .group         0x00000000        0x8 ./main.o
 .group         0x00000000        0x8 ./main.o
 .group         0x00000000        0x8 ./main.o
 .group         0x00000000        0x8 ./main.o
 .group         0x00000000        0x8 ./main.o
 .group         0x00000000        0x8 ./main.o
 .group         0x00000000        0x8 ./main.o
 .group         0x00000000        0x8 ./main.o
 .group         0x00000000        0x8 ./main.o
 .group         0x00000000        0x8 ./main.o
 .group         0x00000000        0x8 ./main.o
 .group         0x00000000        0x8 ./main.o
 .group         0x00000000        0x8 ./main.o
 .group         0x00000000        0x8 ./main.o
 .group         0x00000000        0x8 ./main.o
 .group         0x00000000        0x8 ./main.o
 .group         0x00000000        0x8 ./main.o
 .group         0x00000000        0x8 ./main.o
 .group         0x00000000        0x8 ./main.o
 .group         0x00000000        0x8 ./main.o
 .group         0x00000000        0x8 ./main.o
 .group         0x00000000        0x8 ./main.o
 .group         0x00000000        0x8 ./main.o
 .text          0x00000000        0x0 ./main.o
 .data          0x00000000        0x0 ./main.o
 .bss           0x00000000        0x0 ./main.o
 .group         0x00000000        0x8 ./startup_gcc.o
 .text          0x00000000        0x0 ./startup_gcc.o
 .data          0x00000000        0x0 ./startup_gcc.o
 .bss           0x00000000        0x0 ./startup_gcc.o
 .debug_macro   0x00000000      0x86e ./startup_gcc.o
 .group         0x00000000        0x8 ./userinterrupt.o
 .group         0x00000000        0x8 ./userinterrupt.o
 .group         0x00000000        0x8 ./userinterrupt.o
 .group         0x00000000        0x8 ./userinterrupt.o
 .group         0x00000000        0x8 ./userinterrupt.o
 .group         0x00000000        0x8 ./userinterrupt.o
 .group         0x00000000        0x8 ./userinterrupt.o
 .group         0x00000000        0x8 ./userinterrupt.o
 .group         0x00000000        0x8 ./userinterrupt.o
 .group         0x00000000        0x8 ./userinterrupt.o
 .group         0x00000000        0x8 ./userinterrupt.o
 .group         0x00000000        0x8 ./userinterrupt.o
 .group         0x00000000        0x8 ./userinterrupt.o
 .group         0x00000000        0x8 ./userinterrupt.o
 .group         0x00000000        0x8 ./userinterrupt.o
 .group         0x00000000        0x8 ./userinterrupt.o
 .group         0x00000000        0x8 ./userinterrupt.o
 .group         0x00000000        0x8 ./userinterrupt.o
 .group         0x00000000        0x8 ./userinterrupt.o
 .group         0x00000000        0x8 ./userinterrupt.o
 .group         0x00000000        0x8 ./userinterrupt.o
 .group         0x00000000        0x8 ./userinterrupt.o
 .group         0x00000000        0x8 ./userinterrupt.o
 .group         0x00000000        0x8 ./userinterrupt.o
 .group         0x00000000        0x8 ./userinterrupt.o
 .group         0x00000000        0x8 ./userinterrupt.o
 .group         0x00000000        0x8 ./userinterrupt.o
 .group         0x00000000        0x8 ./userinterrupt.o
 .group         0x00000000        0x8 ./userinterrupt.o
 .text          0x00000000        0x0 ./userinterrupt.o
 .data          0x00000000        0x0 ./userinterrupt.o
 .bss           0x00000000        0x0 ./userinterrupt.o
 .rodata.sizex  0x00000000        0x4 ./userinterrupt.o
 .rodata.sizey  0x00000000        0x4 ./userinterrupt.o
 .text.onButtonDown
                0x00000000       0x30 ./userinterrupt.o
 .text.SW2intinit
                0x00000000       0x80 ./userinterrupt.o
 .text.togglerled
                0x00000000       0x2c ./userinterrupt.o
 .debug_macro   0x00000000      0x86e ./userinterrupt.o
 .debug_macro   0x00000000       0x52 ./userinterrupt.o
 .debug_macro   0x00000000       0x16 ./userinterrupt.o
 .debug_macro   0x00000000       0x35 ./userinterrupt.o
 .debug_macro   0x00000000       0xa2 ./userinterrupt.o
 .debug_macro   0x00000000      0x20e ./userinterrupt.o
 .debug_macro   0x00000000       0x22 ./userinterrupt.o
 .debug_macro   0x00000000       0x58 ./userinterrupt.o
 .debug_macro   0x00000000      0x946 ./userinterrupt.o
 .debug_macro   0x00000000      0x25e ./userinterrupt.o
 .debug_macro   0x00000000       0x10 ./userinterrupt.o
 .debug_macro   0x00000000       0x46 ./userinterrupt.o
 .debug_macro   0x00000000      0x101 ./userinterrupt.o
 .debug_macro   0x00000000       0x10 ./userinterrupt.o
 .debug_macro   0x00000000      0x3d7 ./userinterrupt.o
 .debug_macro   0x00000000      0xefe ./userinterrupt.o
 .debug_macro   0x00000000      0xa88 ./userinterrupt.o
 .debug_macro   0x00000000      0x17a ./userinterrupt.o
 .debug_macro   0x00000000       0x3a ./userinterrupt.o
 .debug_macro   0x00000000       0x52 ./userinterrupt.o
 .debug_macro   0x00000000       0x16 ./userinterrupt.o
 .debug_macro   0x00000000       0x19 ./userinterrupt.o
 .debug_macro   0x00000000      0x19c ./userinterrupt.o
 .group         0x00000000        0x8 ./nokialcd.o
 .group         0x00000000        0x8 ./nokialcd.o
 .group         0x00000000        0x8 ./nokialcd.o
 .group         0x00000000        0x8 ./nokialcd.o
 .group         0x00000000        0x8 ./nokialcd.o
 .group         0x00000000        0x8 ./nokialcd.o
 .group         0x00000000        0x8 ./nokialcd.o
 .group         0x00000000        0x8 ./nokialcd.o
 .group         0x00000000        0x8 ./nokialcd.o
 .group         0x00000000        0x8 ./nokialcd.o
 .group         0x00000000        0x8 ./nokialcd.o
 .group         0x00000000        0x8 ./nokialcd.o
 .group         0x00000000        0x8 ./nokialcd.o
 .group         0x00000000        0x8 ./nokialcd.o
 .group         0x00000000        0x8 ./nokialcd.o
 .group         0x00000000        0x8 ./nokialcd.o
 .group         0x00000000        0x8 ./nokialcd.o
 .group         0x00000000        0x8 ./nokialcd.o
 .group         0x00000000        0x8 ./nokialcd.o
 .group         0x00000000        0x8 ./nokialcd.o
 .text          0x00000000        0x0 ./nokialcd.o
 .data          0x00000000        0x0 ./nokialcd.o
 .bss           0x00000000        0x0 ./nokialcd.o
 .text.delay    0x00000000       0x28 ./nokialcd.o
 .debug_macro   0x00000000      0x86e ./nokialcd.o
 .debug_macro   0x00000000       0x52 ./nokialcd.o
 .debug_macro   0x00000000       0x16 ./nokialcd.o
 .debug_macro   0x00000000       0x35 ./nokialcd.o
 .debug_macro   0x00000000       0xa2 ./nokialcd.o
 .debug_macro   0x00000000       0x3a ./nokialcd.o
 .debug_macro   0x00000000       0x52 ./nokialcd.o
 .debug_macro   0x00000000       0x16 ./nokialcd.o
 .debug_macro   0x00000000       0x19 ./nokialcd.o
 .debug_macro   0x00000000      0x19c ./nokialcd.o
 .debug_macro   0x00000000      0x166 ./nokialcd.o
 .debug_macro   0x00000000      0x29f ./nokialcd.o
 .debug_macro   0x00000000       0x10 ./nokialcd.o
 .debug_macro   0x00000000       0x35 ./nokialcd.o
 .debug_macro   0x00000000       0x1f ./nokialcd.o
 .debug_macro   0x00000000       0x22 ./nokialcd.o
 .debug_macro   0x00000000      0x101 ./nokialcd.o
 .debug_macro   0x00000000      0x25e ./nokialcd.o
 .debug_macro   0x00000000      0x23b ./nokialcd.o
 .group         0x00000000        0x8 ./mylcd.o
 .group         0x00000000        0x8 ./mylcd.o
 .group         0x00000000        0x8 ./mylcd.o
 .group         0x00000000        0x8 ./mylcd.o
 .group         0x00000000        0x8 ./mylcd.o
 .group         0x00000000        0x8 ./mylcd.o
 .group         0x00000000        0x8 ./mylcd.o
 .group         0x00000000        0x8 ./mylcd.o
 .group         0x00000000        0x8 ./mylcd.o
 .group         0x00000000        0x8 ./mylcd.o
 .group         0x00000000        0x8 ./mylcd.o
 .group         0x00000000        0x8 ./mylcd.o
 .group         0x00000000        0x8 ./mylcd.o
 .group         0x00000000        0x8 ./mylcd.o
 .group         0x00000000        0x8 ./mylcd.o
 .group         0x00000000        0x8 ./mylcd.o
 .group         0x00000000        0x8 ./mylcd.o
 .group         0x00000000        0x8 ./mylcd.o
 .group         0x00000000        0x8 ./mylcd.o
 .group         0x00000000        0x8 ./mylcd.o
 .group         0x00000000        0x8 ./mylcd.o
 .text          0x00000000        0x0 ./mylcd.o
 .data          0x00000000        0x0 ./mylcd.o
 .bss           0x00000000        0x0 ./mylcd.o
 .data.string1  0x00000000        0x8 ./mylcd.o
 .data.string2  0x00000000        0xc ./mylcd.o
 .debug_macro   0x00000000      0x86e ./mylcd.o
 .debug_macro   0x00000000       0x52 ./mylcd.o
 .debug_macro   0x00000000       0x16 ./mylcd.o
 .debug_macro   0x00000000       0x35 ./mylcd.o
 .debug_macro   0x00000000       0xa2 ./mylcd.o
 .debug_macro   0x00000000       0x3a ./mylcd.o
 .debug_macro   0x00000000       0x52 ./mylcd.o
 .debug_macro   0x00000000       0x16 ./mylcd.o
 .debug_macro   0x00000000       0x19 ./mylcd.o
 .debug_macro   0x00000000      0x19c ./mylcd.o
 .debug_macro   0x00000000      0x166 ./mylcd.o
 .debug_macro   0x00000000      0x214 ./mylcd.o
 .debug_macro   0x00000000      0x29f ./mylcd.o
 .debug_macro   0x00000000       0x10 ./mylcd.o
 .debug_macro   0x00000000       0x35 ./mylcd.o
 .debug_macro   0x00000000       0x1f ./mylcd.o
 .debug_macro   0x00000000       0x22 ./mylcd.o
 .debug_macro   0x00000000      0xa88 ./mylcd.o
 .debug_macro   0x00000000      0x101 ./mylcd.o
 .debug_macro   0x00000000      0x25e ./mylcd.o
 .text          0x00000000        0x0 /home/sachin/tivaware/driverlib/gcc/libdriver.a(gpio.o)
 .data          0x00000000        0x0 /home/sachin/tivaware/driverlib/gcc/libdriver.a(gpio.o)
 .bss           0x00000000        0x0 /home/sachin/tivaware/driverlib/gcc/libdriver.a(gpio.o)
 .text._GPIOIntNumberGet
                0x00000000       0x44 /home/sachin/tivaware/driverlib/gcc/libdriver.a(gpio.o)
 .text.GPIODirModeGet
                0x00000000       0x24 /home/sachin/tivaware/driverlib/gcc/libdriver.a(gpio.o)
 .text.GPIOIntTypeSet
                0x00000000       0x5a /home/sachin/tivaware/driverlib/gcc/libdriver.a(gpio.o)
 .text.GPIOIntTypeGet
                0x00000000       0x4a /home/sachin/tivaware/driverlib/gcc/libdriver.a(gpio.o)
 .text.GPIOPadConfigGet
                0x00000000       0xc8 /home/sachin/tivaware/driverlib/gcc/libdriver.a(gpio.o)
 .text.GPIOIntEnable
                0x00000000        0xc /home/sachin/tivaware/driverlib/gcc/libdriver.a(gpio.o)
 .text.GPIOIntDisable
                0x00000000        0xe /home/sachin/tivaware/driverlib/gcc/libdriver.a(gpio.o)
 .text.GPIOIntStatus
                0x00000000        0xe /home/sachin/tivaware/driverlib/gcc/libdriver.a(gpio.o)
 .text.GPIOIntClear
                0x00000000        0x6 /home/sachin/tivaware/driverlib/gcc/libdriver.a(gpio.o)
 .text.GPIOIntRegister
                0x00000000       0x1a /home/sachin/tivaware/driverlib/gcc/libdriver.a(gpio.o)
 .text.GPIOIntUnregister
                0x00000000       0x16 /home/sachin/tivaware/driverlib/gcc/libdriver.a(gpio.o)
 .text.GPIOPinTypeADC
                0x00000000       0x1c /home/sachin/tivaware/driverlib/gcc/libdriver.a(gpio.o)
 .text.GPIOPinTypeCAN
                0x00000000       0x1c /home/sachin/tivaware/driverlib/gcc/libdriver.a(gpio.o)
 .text.GPIOPinTypeComparator
                0x00000000       0x1c /home/sachin/tivaware/driverlib/gcc/libdriver.a(gpio.o)
 .text.GPIOPinTypeComparatorOutput
                0x00000000       0x1c /home/sachin/tivaware/driverlib/gcc/libdriver.a(gpio.o)
 .text.GPIOPinTypeDIVSCLK
                0x00000000       0x1c /home/sachin/tivaware/driverlib/gcc/libdriver.a(gpio.o)
 .text.GPIOPinTypeEPI
                0x00000000       0x1c /home/sachin/tivaware/driverlib/gcc/libdriver.a(gpio.o)
 .text.GPIOPinTypeEthernetLED
                0x00000000       0x1c /home/sachin/tivaware/driverlib/gcc/libdriver.a(gpio.o)
 .text.GPIOPinTypeEthernetMII
                0x00000000       0x1c /home/sachin/tivaware/driverlib/gcc/libdriver.a(gpio.o)
 .text.GPIOPinTypeGPIOInput
                0x00000000       0x1c /home/sachin/tivaware/driverlib/gcc/libdriver.a(gpio.o)
 .text.GPIOPinTypeGPIOOutputOD
                0x00000000       0x1c /home/sachin/tivaware/driverlib/gcc/libdriver.a(gpio.o)
 .text.GPIOPinTypeHibernateRTCCLK
                0x00000000       0x1c /home/sachin/tivaware/driverlib/gcc/libdriver.a(gpio.o)
 .text.GPIOPinTypeI2C
                0x00000000       0x1c /home/sachin/tivaware/driverlib/gcc/libdriver.a(gpio.o)
 .text.GPIOPinTypeI2CSCL
                0x00000000       0x1c /home/sachin/tivaware/driverlib/gcc/libdriver.a(gpio.o)
 .text.GPIOPinTypeLCD
                0x00000000       0x1c /home/sachin/tivaware/driverlib/gcc/libdriver.a(gpio.o)
 .text.GPIOPinTypeOneWire
                0x00000000       0x1c /home/sachin/tivaware/driverlib/gcc/libdriver.a(gpio.o)
 .text.GPIOPinTypePWM
                0x00000000       0x1c /home/sachin/tivaware/driverlib/gcc/libdriver.a(gpio.o)
 .text.GPIOPinTypeQEI
                0x00000000       0x1c /home/sachin/tivaware/driverlib/gcc/libdriver.a(gpio.o)
 .text.GPIOPinTypeSSI
                0x00000000       0x1c /home/sachin/tivaware/driverlib/gcc/libdriver.a(gpio.o)
 .text.GPIOPinTypeTimer
                0x00000000       0x1c /home/sachin/tivaware/driverlib/gcc/libdriver.a(gpio.o)
 .text.GPIOPinTypeTrace
                0x00000000       0x1c /home/sachin/tivaware/driverlib/gcc/libdriver.a(gpio.o)
 .text.GPIOPinTypeUSBAnalog
                0x00000000       0x1c /home/sachin/tivaware/driverlib/gcc/libdriver.a(gpio.o)
 .text.GPIOPinTypeUSBDigital
                0x00000000       0x1c /home/sachin/tivaware/driverlib/gcc/libdriver.a(gpio.o)
 .text.GPIOPinTypeWakeHigh
                0x00000000       0x1e /home/sachin/tivaware/driverlib/gcc/libdriver.a(gpio.o)
 .text.GPIOPinTypeWakeLow
                0x00000000       0x1e /home/sachin/tivaware/driverlib/gcc/libdriver.a(gpio.o)
 .text.GPIOPinWakeStatus
                0x00000000        0x6 /home/sachin/tivaware/driverlib/gcc/libdriver.a(gpio.o)
 .text.GPIODMATriggerEnable
                0x00000000        0xc /home/sachin/tivaware/driverlib/gcc/libdriver.a(gpio.o)
 .text.GPIODMATriggerDisable
                0x00000000        0xe /home/sachin/tivaware/driverlib/gcc/libdriver.a(gpio.o)
 .text.GPIOADCTriggerEnable
                0x00000000        0xc /home/sachin/tivaware/driverlib/gcc/libdriver.a(gpio.o)
 .text.GPIOADCTriggerDisable
                0x00000000        0xe /home/sachin/tivaware/driverlib/gcc/libdriver.a(gpio.o)
 .rodata.g_ppui32GPIOIntMapSnowflake
                0x00000000       0xc0 /home/sachin/tivaware/driverlib/gcc/libdriver.a(gpio.o)
 .rodata.g_ppui32GPIOIntMapBlizzard
                0x00000000       0xc0 /home/sachin/tivaware/driverlib/gcc/libdriver.a(gpio.o)
 .text          0x00000000        0x0 /home/sachin/tivaware/driverlib/gcc/libdriver.a(interrupt.o)
 .data          0x00000000        0x0 /home/sachin/tivaware/driverlib/gcc/libdriver.a(interrupt.o)
 .bss           0x00000000        0x0 /home/sachin/tivaware/driverlib/gcc/libdriver.a(interrupt.o)
 .text._IntDefaultHandler
                0x00000000        0x2 /home/sachin/tivaware/driverlib/gcc/libdriver.a(interrupt.o)
 .text.IntMasterDisable
                0x00000000        0xe /home/sachin/tivaware/driverlib/gcc/libdriver.a(interrupt.o)
 .text.IntRegister
                0x00000000       0x30 /home/sachin/tivaware/driverlib/gcc/libdriver.a(interrupt.o)
 .text.IntUnregister
                0x00000000       0x14 /home/sachin/tivaware/driverlib/gcc/libdriver.a(interrupt.o)
 .text.IntPriorityGroupingSet
                0x00000000       0x1c /home/sachin/tivaware/driverlib/gcc/libdriver.a(interrupt.o)
 .text.IntPriorityGroupingGet
                0x00000000       0x24 /home/sachin/tivaware/driverlib/gcc/libdriver.a(interrupt.o)
 .text.IntPrioritySet
                0x00000000       0x28 /home/sachin/tivaware/driverlib/gcc/libdriver.a(interrupt.o)
 .text.IntPriorityGet
                0x00000000       0x1c /home/sachin/tivaware/driverlib/gcc/libdriver.a(interrupt.o)
 .text.IntDisable
                0x00000000       0x60 /home/sachin/tivaware/driverlib/gcc/libdriver.a(interrupt.o)
 .text.IntIsEnabled
                0x00000000       0x64 /home/sachin/tivaware/driverlib/gcc/libdriver.a(interrupt.o)
 .text.IntPendSet
                0x00000000       0x50 /home/sachin/tivaware/driverlib/gcc/libdriver.a(interrupt.o)
 .text.IntPendClear
                0x00000000       0x40 /home/sachin/tivaware/driverlib/gcc/libdriver.a(interrupt.o)
 .text.IntPriorityMaskSet
                0x00000000        0x4 /home/sachin/tivaware/driverlib/gcc/libdriver.a(interrupt.o)
 .text.IntPriorityMaskGet
                0x00000000        0x4 /home/sachin/tivaware/driverlib/gcc/libdriver.a(interrupt.o)
 .text.IntTrigger
                0x00000000        0xc /home/sachin/tivaware/driverlib/gcc/libdriver.a(interrupt.o)
 .rodata.g_pui32Priority
                0x00000000       0x20 /home/sachin/tivaware/driverlib/gcc/libdriver.a(interrupt.o)
 .rodata.g_pui32Dii16Regs
                0x00000000       0x14 /home/sachin/tivaware/driverlib/gcc/libdriver.a(interrupt.o)
 .rodata.g_pui32PendRegs
                0x00000000       0x14 /home/sachin/tivaware/driverlib/gcc/libdriver.a(interrupt.o)
 vtable         0x00000000      0x400 /home/sachin/tivaware/driverlib/gcc/libdriver.a(interrupt.o)
 .rodata.g_pui32Regs
                0x00000000       0x9c /home/sachin/tivaware/driverlib/gcc/libdriver.a(interrupt.o)
 .rodata.g_pui32UnpendRegs
                0x00000000       0x14 /home/sachin/tivaware/driverlib/gcc/libdriver.a(interrupt.o)
 .text          0x00000000        0x0 /home/sachin/tivaware/driverlib/gcc/libdriver.a(sysctl.o)
 .data          0x00000000        0x0 /home/sachin/tivaware/driverlib/gcc/libdriver.a(sysctl.o)
 .bss           0x00000000        0x0 /home/sachin/tivaware/driverlib/gcc/libdriver.a(sysctl.o)
 .text._SysCtlMemTimingGet
                0x00000000       0x28 /home/sachin/tivaware/driverlib/gcc/libdriver.a(sysctl.o)
 .text.SysCtlSRAMSizeGet
                0x00000000       0x10 /home/sachin/tivaware/driverlib/gcc/libdriver.a(sysctl.o)
 .text.SysCtlFlashSizeGet
                0x00000000       0x3c /home/sachin/tivaware/driverlib/gcc/libdriver.a(sysctl.o)
 .text.SysCtlFlashSectorSizeGet
                0x00000000       0x38 /home/sachin/tivaware/driverlib/gcc/libdriver.a(sysctl.o)
 .text.SysCtlPeripheralPresent
                0x00000000       0x28 /home/sachin/tivaware/driverlib/gcc/libdriver.a(sysctl.o)
 .text.SysCtlPeripheralReady
                0x00000000       0x28 /home/sachin/tivaware/driverlib/gcc/libdriver.a(sysctl.o)
 .text.SysCtlPeripheralPowerOn
                0x00000000       0x24 /home/sachin/tivaware/driverlib/gcc/libdriver.a(sysctl.o)
 .text.SysCtlPeripheralPowerOff
                0x00000000       0x24 /home/sachin/tivaware/driverlib/gcc/libdriver.a(sysctl.o)
 .text.SysCtlPeripheralReset
                0x00000000       0x3c /home/sachin/tivaware/driverlib/gcc/libdriver.a(sysctl.o)
 .text.SysCtlPeripheralDisable
                0x00000000       0x24 /home/sachin/tivaware/driverlib/gcc/libdriver.a(sysctl.o)
 .text.SysCtlPeripheralSleepEnable
                0x00000000       0x24 /home/sachin/tivaware/driverlib/gcc/libdriver.a(sysctl.o)
 .text.SysCtlPeripheralSleepDisable
                0x00000000       0x24 /home/sachin/tivaware/driverlib/gcc/libdriver.a(sysctl.o)
 .text.SysCtlPeripheralDeepSleepEnable
                0x00000000       0x24 /home/sachin/tivaware/driverlib/gcc/libdriver.a(sysctl.o)
 .text.SysCtlPeripheralDeepSleepDisable
                0x00000000       0x24 /home/sachin/tivaware/driverlib/gcc/libdriver.a(sysctl.o)
 .text.SysCtlPeripheralClockGating
                0x00000000       0x48 /home/sachin/tivaware/driverlib/gcc/libdriver.a(sysctl.o)
 .text.SysCtlIntRegister
                0x00000000       0x14 /home/sachin/tivaware/driverlib/gcc/libdriver.a(sysctl.o)
 .text.SysCtlIntUnregister
                0x00000000       0x12 /home/sachin/tivaware/driverlib/gcc/libdriver.a(sysctl.o)
 .text.SysCtlIntEnable
                0x00000000       0x10 /home/sachin/tivaware/driverlib/gcc/libdriver.a(sysctl.o)
 .text.SysCtlIntDisable
                0x00000000       0x10 /home/sachin/tivaware/driverlib/gcc/libdriver.a(sysctl.o)
 .text.SysCtlIntClear
                0x00000000        0xc /home/sachin/tivaware/driverlib/gcc/libdriver.a(sysctl.o)
 .text.SysCtlIntStatus
                0x00000000       0x14 /home/sachin/tivaware/driverlib/gcc/libdriver.a(sysctl.o)
 .text.SysCtlLDOSleepSet
                0x00000000        0xc /home/sachin/tivaware/driverlib/gcc/libdriver.a(sysctl.o)
 .text.SysCtlLDOSleepGet
                0x00000000        0xc /home/sachin/tivaware/driverlib/gcc/libdriver.a(sysctl.o)
 .text.SysCtlLDODeepSleepSet
                0x00000000        0xc /home/sachin/tivaware/driverlib/gcc/libdriver.a(sysctl.o)
 .text.SysCtlLDODeepSleepGet
                0x00000000        0xc /home/sachin/tivaware/driverlib/gcc/libdriver.a(sysctl.o)
 .text.SysCtlSleepPowerSet
                0x00000000        0xc /home/sachin/tivaware/driverlib/gcc/libdriver.a(sysctl.o)
 .text.SysCtlDeepSleepPowerSet
                0x00000000        0xc /home/sachin/tivaware/driverlib/gcc/libdriver.a(sysctl.o)
 .text.SysCtlReset
                0x00000000       0x10 /home/sachin/tivaware/driverlib/gcc/libdriver.a(sysctl.o)
 .text.SysCtlSleep
                0x00000000        0x4 /home/sachin/tivaware/driverlib/gcc/libdriver.a(sysctl.o)
 .text.SysCtlDeepSleep
                0x00000000       0x20 /home/sachin/tivaware/driverlib/gcc/libdriver.a(sysctl.o)
 .text.SysCtlResetCauseGet
                0x00000000        0xc /home/sachin/tivaware/driverlib/gcc/libdriver.a(sysctl.o)
 .text.SysCtlResetCauseClear
                0x00000000       0x10 /home/sachin/tivaware/driverlib/gcc/libdriver.a(sysctl.o)
 .text.SysCtlMOSCConfigSet
                0x00000000        0xc /home/sachin/tivaware/driverlib/gcc/libdriver.a(sysctl.o)
 .text.SysCtlPIOSCCalibrate
                0x00000000       0x4c /home/sachin/tivaware/driverlib/gcc/libdriver.a(sysctl.o)
 .text.SysCtlResetBehaviorSet
                0x00000000        0xc /home/sachin/tivaware/driverlib/gcc/libdriver.a(sysctl.o)
 .text.SysCtlResetBehaviorGet
                0x00000000        0xc /home/sachin/tivaware/driverlib/gcc/libdriver.a(sysctl.o)
 .text.SysCtlClockFreqSet
                0x00000000      0x244 /home/sachin/tivaware/driverlib/gcc/libdriver.a(sysctl.o)
 .text.SysCtlClockGet
                0x00000000      0x12c /home/sachin/tivaware/driverlib/gcc/libdriver.a(sysctl.o)
 .text.SysCtlDeepSleepClockSet
                0x00000000        0xc /home/sachin/tivaware/driverlib/gcc/libdriver.a(sysctl.o)
 .text.SysCtlDeepSleepClockConfigSet
                0x00000000       0x60 /home/sachin/tivaware/driverlib/gcc/libdriver.a(sysctl.o)
 .text.SysCtlPWMClockSet
                0x00000000       0x14 /home/sachin/tivaware/driverlib/gcc/libdriver.a(sysctl.o)
 .text.SysCtlPWMClockGet
                0x00000000       0x18 /home/sachin/tivaware/driverlib/gcc/libdriver.a(sysctl.o)
 .text.SysCtlGPIOAHBEnable
                0x00000000       0x18 /home/sachin/tivaware/driverlib/gcc/libdriver.a(sysctl.o)
 .text.SysCtlGPIOAHBDisable
                0x00000000       0x1c /home/sachin/tivaware/driverlib/gcc/libdriver.a(sysctl.o)
 .text.SysCtlUSBPLLEnable
                0x00000000       0x10 /home/sachin/tivaware/driverlib/gcc/libdriver.a(sysctl.o)
 .text.SysCtlUSBPLLDisable
                0x00000000       0x10 /home/sachin/tivaware/driverlib/gcc/libdriver.a(sysctl.o)
 .text.SysCtlVoltageEventConfig
                0x00000000        0xc /home/sachin/tivaware/driverlib/gcc/libdriver.a(sysctl.o)
 .text.SysCtlVoltageEventStatus
                0x00000000        0xc /home/sachin/tivaware/driverlib/gcc/libdriver.a(sysctl.o)
 .text.SysCtlVoltageEventClear
                0x00000000       0x10 /home/sachin/tivaware/driverlib/gcc/libdriver.a(sysctl.o)
 .text.SysCtlNMIStatus
                0x00000000        0xc /home/sachin/tivaware/driverlib/gcc/libdriver.a(sysctl.o)
 .text.SysCtlNMIClear
                0x00000000       0x10 /home/sachin/tivaware/driverlib/gcc/libdriver.a(sysctl.o)
 .text.SysCtlClockOutConfig
                0x00000000       0x10 /home/sachin/tivaware/driverlib/gcc/libdriver.a(sysctl.o)
 .text.SysCtlAltClkConfig
                0x00000000        0xc /home/sachin/tivaware/driverlib/gcc/libdriver.a(sysctl.o)
 .rodata.g_pppui32XTALtoVCO
                0x00000000      0x120 /home/sachin/tivaware/driverlib/gcc/libdriver.a(sysctl.o)
 .rodata.g_pui32VCOFrequencies
                0x00000000        0x8 /home/sachin/tivaware/driverlib/gcc/libdriver.a(sysctl.o)
 .rodata.g_sXTALtoMEMTIM
                0x00000000       0x30 /home/sachin/tivaware/driverlib/gcc/libdriver.a(sysctl.o)
 .rodata.g_pui32Xtals
                0x00000000       0x6c /home/sachin/tivaware/driverlib/gcc/libdriver.a(sysctl.o)
 .text          0x00000000        0x0 /home/sachin/tivaware/driverlib/gcc/libdriver.a(uart.o)
 .data          0x00000000        0x0 /home/sachin/tivaware/driverlib/gcc/libdriver.a(uart.o)
 .bss           0x00000000        0x0 /home/sachin/tivaware/driverlib/gcc/libdriver.a(uart.o)
 .text._UARTIntNumberGet
                0x00000000       0x44 /home/sachin/tivaware/driverlib/gcc/libdriver.a(uart.o)
 .text.UARTParityModeSet
                0x00000000        0xc /home/sachin/tivaware/driverlib/gcc/libdriver.a(uart.o)
 .text.UARTParityModeGet
                0x00000000        0x8 /home/sachin/tivaware/driverlib/gcc/libdriver.a(uart.o)
 .text.UARTFIFOLevelSet
                0x00000000        0x6 /home/sachin/tivaware/driverlib/gcc/libdriver.a(uart.o)
 .text.UARTFIFOLevelGet
                0x00000000       0x10 /home/sachin/tivaware/driverlib/gcc/libdriver.a(uart.o)
 .text.UARTConfigGetExpClk
                0x00000000       0x26 /home/sachin/tivaware/driverlib/gcc/libdriver.a(uart.o)
 .text.UARTFIFOEnable
                0x00000000        0xa /home/sachin/tivaware/driverlib/gcc/libdriver.a(uart.o)
 .text.UARTFIFODisable
                0x00000000        0xa /home/sachin/tivaware/driverlib/gcc/libdriver.a(uart.o)
 .text.UARTEnableSIR
                0x00000000       0x12 /home/sachin/tivaware/driverlib/gcc/libdriver.a(uart.o)
 .text.UARTDisableSIR
                0x00000000        0xa /home/sachin/tivaware/driverlib/gcc/libdriver.a(uart.o)
 .text.UARTSmartCardEnable
                0x00000000       0x16 /home/sachin/tivaware/driverlib/gcc/libdriver.a(uart.o)
 .text.UARTSmartCardDisable
                0x00000000        0xa /home/sachin/tivaware/driverlib/gcc/libdriver.a(uart.o)
 .text.UARTModemControlSet
                0x00000000        0xc /home/sachin/tivaware/driverlib/gcc/libdriver.a(uart.o)
 .text.UARTModemControlClear
                0x00000000        0xe /home/sachin/tivaware/driverlib/gcc/libdriver.a(uart.o)
 .text.UARTModemControlGet
                0x00000000        0x8 /home/sachin/tivaware/driverlib/gcc/libdriver.a(uart.o)
 .text.UARTModemStatusGet
                0x00000000        0xa /home/sachin/tivaware/driverlib/gcc/libdriver.a(uart.o)
 .text.UARTFlowControlSet
                0x00000000        0xc /home/sachin/tivaware/driverlib/gcc/libdriver.a(uart.o)
 .text.UARTFlowControlGet
                0x00000000        0x8 /home/sachin/tivaware/driverlib/gcc/libdriver.a(uart.o)
 .text.UARTTxIntModeSet
                0x00000000        0xc /home/sachin/tivaware/driverlib/gcc/libdriver.a(uart.o)
 .text.UARTTxIntModeGet
                0x00000000        0x8 /home/sachin/tivaware/driverlib/gcc/libdriver.a(uart.o)
 .text.UARTSpaceAvail
                0x00000000        0xc /home/sachin/tivaware/driverlib/gcc/libdriver.a(uart.o)
 .text.UARTCharGetNonBlocking
                0x00000000        0xe /home/sachin/tivaware/driverlib/gcc/libdriver.a(uart.o)
 .text.UARTCharPutNonBlocking
                0x00000000        0xe /home/sachin/tivaware/driverlib/gcc/libdriver.a(uart.o)
 .text.UARTBreakCtl
                0x00000000       0x16 /home/sachin/tivaware/driverlib/gcc/libdriver.a(uart.o)
 .text.UARTBusy
                0x00000000        0x8 /home/sachin/tivaware/driverlib/gcc/libdriver.a(uart.o)
 .text.UARTIntRegister
                0x00000000       0x1a /home/sachin/tivaware/driverlib/gcc/libdriver.a(uart.o)
 .text.UARTIntUnregister
                0x00000000       0x16 /home/sachin/tivaware/driverlib/gcc/libdriver.a(uart.o)
 .text.UARTIntDisable
                0x00000000        0xa /home/sachin/tivaware/driverlib/gcc/libdriver.a(uart.o)
 .text.UARTDMAEnable
                0x00000000        0x8 /home/sachin/tivaware/driverlib/gcc/libdriver.a(uart.o)
 .text.UARTDMADisable
                0x00000000        0xa /home/sachin/tivaware/driverlib/gcc/libdriver.a(uart.o)
 .text.UARTRxErrorGet
                0x00000000        0x8 /home/sachin/tivaware/driverlib/gcc/libdriver.a(uart.o)
 .text.UARTRxErrorClear
                0x00000000        0x6 /home/sachin/tivaware/driverlib/gcc/libdriver.a(uart.o)
 .text.UARTClockSourceSet
                0x00000000        0x6 /home/sachin/tivaware/driverlib/gcc/libdriver.a(uart.o)
 .text.UARTClockSourceGet
                0x00000000        0x6 /home/sachin/tivaware/driverlib/gcc/libdriver.a(uart.o)
 .text.UART9BitEnable
                0x00000000        0xe /home/sachin/tivaware/driverlib/gcc/libdriver.a(uart.o)
 .text.UART9BitDisable
                0x00000000        0xe /home/sachin/tivaware/driverlib/gcc/libdriver.a(uart.o)
 .text.UART9BitAddrSet
                0x00000000        0xa /home/sachin/tivaware/driverlib/gcc/libdriver.a(uart.o)
 .text.UART9BitAddrSend
                0x00000000       0x2c /home/sachin/tivaware/driverlib/gcc/libdriver.a(uart.o)
 .text.UARTLoopbackEnable
                0x00000000        0xa /home/sachin/tivaware/driverlib/gcc/libdriver.a(uart.o)
 .rodata.g_ppui32UARTIntMap
                0x00000000       0x40 /home/sachin/tivaware/driverlib/gcc/libdriver.a(uart.o)
 .rodata.g_ppui32UARTIntMapSnowflake
                0x00000000       0x40 /home/sachin/tivaware/driverlib/gcc/libdriver.a(uart.o)
 .text          0x00000000        0x0 /home/sachin/tivaware/driverlib/gcc/libdriver.a(cpu.o)
 .data          0x00000000        0x0 /home/sachin/tivaware/driverlib/gcc/libdriver.a(cpu.o)
 .bss           0x00000000        0x0 /home/sachin/tivaware/driverlib/gcc/libdriver.a(cpu.o)
 .text.CPUcpsid
                0x00000000        0x8 /home/sachin/tivaware/driverlib/gcc/libdriver.a(cpu.o)
 .text.CPUprimask
                0x00000000        0x6 /home/sachin/tivaware/driverlib/gcc/libdriver.a(cpu.o)
 .text.CPUwfi   0x00000000        0x4 /home/sachin/tivaware/driverlib/gcc/libdriver.a(cpu.o)
 .text.CPUbasepriSet
                0x00000000        0x6 /home/sachin/tivaware/driverlib/gcc/libdriver.a(cpu.o)
 .text.CPUbasepriGet
                0x00000000        0x6 /home/sachin/tivaware/driverlib/gcc/libdriver.a(cpu.o)
 .data          0x00000000        0x0 /home/sachin/MentorGraphics/Sourcery_CodeBench_Lite_for_ARM_EABI/bin/../lib/gcc/arm-none-eabi/4.8.3/../../../../arm-none-eabi/lib/thumb2/libm.a(lib_a-w_exp.o)
 .bss           0x00000000        0x0 /home/sachin/MentorGraphics/Sourcery_CodeBench_Lite_for_ARM_EABI/bin/../lib/gcc/arm-none-eabi/4.8.3/../../../../arm-none-eabi/lib/thumb2/libm.a(lib_a-w_exp.o)
 .data          0x00000000        0x0 /home/sachin/MentorGraphics/Sourcery_CodeBench_Lite_for_ARM_EABI/bin/../lib/gcc/arm-none-eabi/4.8.3/../../../../arm-none-eabi/lib/thumb2/libm.a(lib_a-e_exp.o)
 .bss           0x00000000        0x0 /home/sachin/MentorGraphics/Sourcery_CodeBench_Lite_for_ARM_EABI/bin/../lib/gcc/arm-none-eabi/4.8.3/../../../../arm-none-eabi/lib/thumb2/libm.a(lib_a-e_exp.o)
 .data          0x00000000        0x0 /home/sachin/MentorGraphics/Sourcery_CodeBench_Lite_for_ARM_EABI/bin/../lib/gcc/arm-none-eabi/4.8.3/../../../../arm-none-eabi/lib/thumb2/libm.a(lib_a-s_finite.o)
 .bss           0x00000000        0x0 /home/sachin/MentorGraphics/Sourcery_CodeBench_Lite_for_ARM_EABI/bin/../lib/gcc/arm-none-eabi/4.8.3/../../../../arm-none-eabi/lib/thumb2/libm.a(lib_a-s_finite.o)
 .text          0x00000000        0x0 /home/sachin/MentorGraphics/Sourcery_CodeBench_Lite_for_ARM_EABI/bin/../lib/gcc/arm-none-eabi/4.8.3/../../../../arm-none-eabi/lib/thumb2/libm.a(lib_a-s_lib_ver.o)
 .bss           0x00000000        0x0 /home/sachin/MentorGraphics/Sourcery_CodeBench_Lite_for_ARM_EABI/bin/../lib/gcc/arm-none-eabi/4.8.3/../../../../arm-none-eabi/lib/thumb2/libm.a(lib_a-s_lib_ver.o)
 .data          0x00000000        0x0 /home/sachin/MentorGraphics/Sourcery_CodeBench_Lite_for_ARM_EABI/bin/../lib/gcc/arm-none-eabi/4.8.3/../../../../arm-none-eabi/lib/thumb2/libm.a(lib_a-s_matherr.o)
 .bss           0x00000000        0x0 /home/sachin/MentorGraphics/Sourcery_CodeBench_Lite_for_ARM_EABI/bin/../lib/gcc/arm-none-eabi/4.8.3/../../../../arm-none-eabi/lib/thumb2/libm.a(lib_a-s_matherr.o)
 .data          0x00000000        0x0 /home/sachin/MentorGraphics/Sourcery_CodeBench_Lite_for_ARM_EABI/bin/../lib/gcc/arm-none-eabi/4.8.3/thumb2/libgcc.a(_arm_addsubdf3.o)
 .bss           0x00000000        0x0 /home/sachin/MentorGraphics/Sourcery_CodeBench_Lite_for_ARM_EABI/bin/../lib/gcc/arm-none-eabi/4.8.3/thumb2/libgcc.a(_arm_addsubdf3.o)
 .data          0x00000000        0x0 /home/sachin/MentorGraphics/Sourcery_CodeBench_Lite_for_ARM_EABI/bin/../lib/gcc/arm-none-eabi/4.8.3/thumb2/libgcc.a(_arm_muldivdf3.o)
 .bss           0x00000000        0x0 /home/sachin/MentorGraphics/Sourcery_CodeBench_Lite_for_ARM_EABI/bin/../lib/gcc/arm-none-eabi/4.8.3/thumb2/libgcc.a(_arm_muldivdf3.o)
 .data          0x00000000        0x0 /home/sachin/MentorGraphics/Sourcery_CodeBench_Lite_for_ARM_EABI/bin/../lib/gcc/arm-none-eabi/4.8.3/thumb2/libgcc.a(_arm_cmpdf2.o)
 .bss           0x00000000        0x0 /home/sachin/MentorGraphics/Sourcery_CodeBench_Lite_for_ARM_EABI/bin/../lib/gcc/arm-none-eabi/4.8.3/thumb2/libgcc.a(_arm_cmpdf2.o)
 .data          0x00000000        0x0 /home/sachin/MentorGraphics/Sourcery_CodeBench_Lite_for_ARM_EABI/bin/../lib/gcc/arm-none-eabi/4.8.3/thumb2/libgcc.a(_arm_fixdfsi.o)
 .bss           0x00000000        0x0 /home/sachin/MentorGraphics/Sourcery_CodeBench_Lite_for_ARM_EABI/bin/../lib/gcc/arm-none-eabi/4.8.3/thumb2/libgcc.a(_arm_fixdfsi.o)
 .data          0x00000000        0x0 /home/sachin/MentorGraphics/Sourcery_CodeBench_Lite_for_ARM_EABI/bin/../lib/gcc/arm-none-eabi/4.8.3/../../../../arm-none-eabi/lib/thumb2/libc.a(lib_a-errno.o)
 .bss           0x00000000        0x0 /home/sachin/MentorGraphics/Sourcery_CodeBench_Lite_for_ARM_EABI/bin/../lib/gcc/arm-none-eabi/4.8.3/../../../../arm-none-eabi/lib/thumb2/libc.a(lib_a-errno.o)
 .text          0x00000000        0x0 /home/sachin/MentorGraphics/Sourcery_CodeBench_Lite_for_ARM_EABI/bin/../lib/gcc/arm-none-eabi/4.8.3/../../../../arm-none-eabi/lib/thumb2/libc.a(lib_a-impure.o)
 .bss           0x00000000        0x0 /home/sachin/MentorGraphics/Sourcery_CodeBench_Lite_for_ARM_EABI/bin/../lib/gcc/arm-none-eabi/4.8.3/../../../../arm-none-eabi/lib/thumb2/libc.a(lib_a-impure.o)
 .rodata        0x00000000        0x4 /home/sachin/MentorGraphics/Sourcery_CodeBench_Lite_for_ARM_EABI/bin/../lib/gcc/arm-none-eabi/4.8.3/../../../../arm-none-eabi/lib/thumb2/libc.a(lib_a-impure.o)
 .text          0x00000000        0x0 /home/sachin/MentorGraphics/Sourcery_CodeBench_Lite_for_ARM_EABI/bin/../lib/gcc/arm-none-eabi/4.8.3/thumb2/crtend.o
 .data          0x00000000        0x0 /home/sachin/MentorGraphics/Sourcery_CodeBench_Lite_for_ARM_EABI/bin/../lib/gcc/arm-none-eabi/4.8.3/thumb2/crtend.o
 .bss           0x00000000        0x0 /home/sachin/MentorGraphics/Sourcery_CodeBench_Lite_for_ARM_EABI/bin/../lib/gcc/arm-none-eabi/4.8.3/thumb2/crtend.o
 .eh_frame      0x00000000        0x4 /home/sachin/MentorGraphics/Sourcery_CodeBench_Lite_for_ARM_EABI/bin/../lib/gcc/arm-none-eabi/4.8.3/thumb2/crtend.o
 .jcr           0x00000000        0x4 /home/sachin/MentorGraphics/Sourcery_CodeBench_Lite_for_ARM_EABI/bin/../lib/gcc/arm-none-eabi/4.8.3/thumb2/crtend.o
 .tm_clone_table
                0x00000000        0x0 /home/sachin/MentorGraphics/Sourcery_CodeBench_Lite_for_ARM_EABI/bin/../lib/gcc/arm-none-eabi/4.8.3/thumb2/crtend.o
 .ARM.attributes
                0x00000000       0x29 /home/sachin/MentorGraphics/Sourcery_CodeBench_Lite_for_ARM_EABI/bin/../lib/gcc/arm-none-eabi/4.8.3/thumb2/crtend.o
 .text          0x00000000        0x0 /home/sachin/MentorGraphics/Sourcery_CodeBench_Lite_for_ARM_EABI/bin/../lib/gcc/arm-none-eabi/4.8.3/thumb2/crtn.o
 .data          0x00000000        0x0 /home/sachin/MentorGraphics/Sourcery_CodeBench_Lite_for_ARM_EABI/bin/../lib/gcc/arm-none-eabi/4.8.3/thumb2/crtn.o
 .bss           0x00000000        0x0 /home/sachin/MentorGraphics/Sourcery_CodeBench_Lite_for_ARM_EABI/bin/../lib/gcc/arm-none-eabi/4.8.3/thumb2/crtn.o
 .init          0x00000000        0x8 /home/sachin/MentorGraphics/Sourcery_CodeBench_Lite_for_ARM_EABI/bin/../lib/gcc/arm-none-eabi/4.8.3/thumb2/crtn.o
 .fini          0x00000000        0x8 /home/sachin/MentorGraphics/Sourcery_CodeBench_Lite_for_ARM_EABI/bin/../lib/gcc/arm-none-eabi/4.8.3/thumb2/crtn.o
 .ARM.attributes
                0x00000000       0x19 /home/sachin/MentorGraphics/Sourcery_CodeBench_Lite_for_ARM_EABI/bin/../lib/gcc/arm-none-eabi/4.8.3/thumb2/crtn.o

Memory Configuration

Name             Origin             Length             Attributes
FLASH            0x00000000         0x00040000         xr
RAM              0x20000000         0x00008000         xrw
STACK            0x20007fff         0x00000000         xrw
*default*        0x00000000         0xffffffff

Linker script and memory map

LOAD /home/sachin/MentorGraphics/Sourcery_CodeBench_Lite_for_ARM_EABI/bin/../lib/gcc/arm-none-eabi/4.8.3/thumb2/crti.o
LOAD /home/sachin/MentorGraphics/Sourcery_CodeBench_Lite_for_ARM_EABI/bin/../lib/gcc/arm-none-eabi/4.8.3/thumb2/crtbegin.o

.mydata1        0x20000000        0x0
                0x20000000                _ptr_str1 = .
 *(.mydata1.*)

.mydata2        0x20000068        0x0
                0x20000068                _ptr_str2 = .
 *(.mydata2.*)

.mydata3        0x200000d0        0x0
                0x200000d0                _ptr_str3 = .
 *(.mydata3.*)

.mydata4        0x20000138        0x0
                0x20000138                _ptr_str4 = .
 *(.mydata4.*)

.text           0x00000000    0x264a8
 *(.nvic_table)
 .nvic_table    0x00000000      0x26c ./startup_gcc.o
                0x00000000                myvectors
 *(.text.*)
 *fill*         0x0000026c        0x4 
 .text.initinput
                0x00000270     0x2b20 ./main.o
                0x00000270                initinput
 .text.logisticSigmoid
                0x00002d90       0x7c ./main.o
                0x00002d90                logisticSigmoid
 .text.dLogisticSigmoid
                0x00002e0c       0xa8 ./main.o
                0x00002e0c                dLogisticSigmoid
 .text.matrixmul
                0x00002eb4       0xdc ./main.o
                0x00002eb4                matrixmul
 .text.evaluateTwoLayerPerceptron
                0x00002f90       0x88 ./main.o
                0x00002f90                evaluateTwoLayerPerceptron
 .text.decisionRule
                0x00003018       0x74 ./main.o
                0x00003018                decisionRule
 *fill*         0x0000308c        0x4 
 .text.main     0x00003090       0xd8 ./main.o
                0x00003090                main
 .text.rst_handler
                0x00003168       0x68 ./startup_gcc.o
                0x00003168                rst_handler
 .text.nmi_handler
                0x000031d0        0x8 ./startup_gcc.o
                0x000031d0                nmi_handler
 .text.hardfault_handler
                0x000031d8        0x8 ./startup_gcc.o
                0x000031d8                hardfault_handler
 .text.empty_def_handler
                0x000031e0        0x8 ./startup_gcc.o
                0x000031e0                empty_def_handler
 .text.initdeselogo
                0x000031e8     0x209c ./userinterrupt.o
                0x000031e8                initdeselogo
 .text.uartintinit
                0x00005284       0x98 ./userinterrupt.o
                0x00005284                uartintinit
 .text.UARTIntHandler
                0x0000531c      0x198 ./userinterrupt.o
                0x0000531c                UARTIntHandler
 .text.displaymasterinit
                0x000054b4       0x60 ./userinterrupt.o
                0x000054b4                displaymasterinit
 .text.toggleled
                0x00005514       0x2c ./userinterrupt.o
                0x00005514                toggleled
 .text.Delay    0x00005540       0x20 ./nokialcd.o
                0x00005540                Delay
 .text.setbit   0x00005560       0x24 ./nokialcd.o
                0x00005560                setbit
 .text.resetbit
                0x00005584       0x24 ./nokialcd.o
                0x00005584                resetbit
 .text.WriteSpiCommand
                0x000055a8       0x84 ./nokialcd.o
                0x000055a8                WriteSpiCommand
 .text.WriteSpiData
                0x0000562c       0x84 ./nokialcd.o
                0x0000562c                WriteSpiData
 .text.InitLcd  0x000056b0      0x168 ./nokialcd.o
                0x000056b0                InitLcd
 .text.LCDClearScreen
                0x00005818       0xac ./nokialcd.o
                0x00005818                LCDClearScreen
 .text.LCDSetXY
                0x000058c4       0x44 ./nokialcd.o
                0x000058c4                LCDSetXY
 .text.LCDSetPixel
                0x00005908       0x40 ./nokialcd.o
                0x00005908                LCDSetPixel
 .text.LCDSetLine
                0x00005948       0xfc ./nokialcd.o
                0x00005948                LCDSetLine
 .text.LCDSetRect
                0x00005a44      0x144 ./nokialcd.o
                0x00005a44                LCDSetRect
 .text.LCDWriteBmp3x
                0x00005b88      0x214 ./nokialcd.o
                0x00005b88                LCDWriteBmp3x
 .text.LCDWriteBmp
                0x00005d9c      0x14c ./nokialcd.o
                0x00005d9c                LCDWriteBmp
 .text.displayinit
                0x00005ee8      0x180 ./nokialcd.o
                0x00005ee8                displayinit
 .text.mylcddelay
                0x00006068       0x28 ./mylcd.o
                0x00006068                mylcddelay
 .text.digitlcdinitgpio
                0x00006090       0x38 ./mylcd.o
                0x00006090                digitlcdinitgpio
 .text.digitlcdcommand
                0x000060c8       0x60 ./mylcd.o
                0x000060c8                digitlcdcommand
 .text.digitlcddata
                0x00006128       0x60 ./mylcd.o
                0x00006128                digitlcddata
 .text.digitlcdinit
                0x00006188       0x40 ./mylcd.o
                0x00006188                digitlcdinit
 .text.startdigitlcd
                0x000061c8       0x48 ./mylcd.o
                0x000061c8                startdigitlcd
 .text.digitlcddisp
                0x00006210       0x20 ./mylcd.o
                0x00006210                digitlcddisp
 .text.GPIODirModeSet
                0x00006230       0x2e /home/sachin/tivaware/driverlib/gcc/libdriver.a(gpio.o)
                0x00006230                GPIODirModeSet
 .text.GPIOPadConfigSet
                0x0000625e      0x134 /home/sachin/tivaware/driverlib/gcc/libdriver.a(gpio.o)
                0x0000625e                GPIOPadConfigSet
 .text.GPIOPinRead
                0x00006392        0x6 /home/sachin/tivaware/driverlib/gcc/libdriver.a(gpio.o)
                0x00006392                GPIOPinRead
 .text.GPIOPinWrite
                0x00006398        0x6 /home/sachin/tivaware/driverlib/gcc/libdriver.a(gpio.o)
                0x00006398                GPIOPinWrite
 .text.GPIOPinTypeGPIOOutput
                0x0000639e       0x1c /home/sachin/tivaware/driverlib/gcc/libdriver.a(gpio.o)
                0x0000639e                GPIOPinTypeGPIOOutput
 .text.GPIOPinTypeUART
                0x000063ba       0x1c /home/sachin/tivaware/driverlib/gcc/libdriver.a(gpio.o)
                0x000063ba                GPIOPinTypeUART
 *fill*         0x000063d6        0x2 
 .text.GPIOPinConfigure
                0x000063d8       0x48 /home/sachin/tivaware/driverlib/gcc/libdriver.a(gpio.o)
                0x000063d8                GPIOPinConfigure
 .text.IntMasterEnable
                0x00006420        0xe /home/sachin/tivaware/driverlib/gcc/libdriver.a(interrupt.o)
                0x00006420                IntMasterEnable
 *fill*         0x0000642e        0x2 
 .text.IntEnable
                0x00006430       0x60 /home/sachin/tivaware/driverlib/gcc/libdriver.a(interrupt.o)
                0x00006430                IntEnable
 .text.SysCtlPeripheralEnable
                0x00006490       0x24 /home/sachin/tivaware/driverlib/gcc/libdriver.a(sysctl.o)
                0x00006490                SysCtlPeripheralEnable
 .text.SysCtlDelay
                0x000064b4        0x8 /home/sachin/tivaware/driverlib/gcc/libdriver.a(sysctl.o)
                0x000064b4                SysCtlDelay
 .text.SysCtlClockSet
                0x000064bc      0x11c /home/sachin/tivaware/driverlib/gcc/libdriver.a(sysctl.o)
                0x000064bc                SysCtlClockSet
 .text.UARTEnable
                0x000065d8       0x16 /home/sachin/tivaware/driverlib/gcc/libdriver.a(uart.o)
                0x000065d8                UARTEnable
 .text.UARTDisable
                0x000065ee       0x1c /home/sachin/tivaware/driverlib/gcc/libdriver.a(uart.o)
                0x000065ee                UARTDisable
 .text.UARTConfigSetExpClk
                0x0000660a       0x44 /home/sachin/tivaware/driverlib/gcc/libdriver.a(uart.o)
                0x0000660a                UARTConfigSetExpClk
 .text.UARTCharsAvail
                0x0000664e        0xc /home/sachin/tivaware/driverlib/gcc/libdriver.a(uart.o)
                0x0000664e                UARTCharsAvail
 .text.UARTCharGet
                0x0000665a        0xa /home/sachin/tivaware/driverlib/gcc/libdriver.a(uart.o)
                0x0000665a                UARTCharGet
 .text.UARTCharPut
                0x00006664        0xa /home/sachin/tivaware/driverlib/gcc/libdriver.a(uart.o)
                0x00006664                UARTCharPut
 .text.UARTIntEnable
                0x0000666e        0x8 /home/sachin/tivaware/driverlib/gcc/libdriver.a(uart.o)
                0x0000666e                UARTIntEnable
 .text.UARTIntStatus
                0x00006676        0xa /home/sachin/tivaware/driverlib/gcc/libdriver.a(uart.o)
                0x00006676                UARTIntStatus
 .text.UARTIntClear
                0x00006680        0x4 /home/sachin/tivaware/driverlib/gcc/libdriver.a(uart.o)
                0x00006680                UARTIntClear
 .text.CPUcpsie
                0x00006684        0x8 /home/sachin/tivaware/driverlib/gcc/libdriver.a(cpu.o)
                0x00006684                CPUcpsie
 *(.rodata.*)
 *fill*         0x0000668c        0x4 
 .rodata.hiddenWeights
                0x00006690    0x1ea00 ./main.o
                0x00006690                hiddenWeights
 .rodata.outputWeights
                0x00025090      0x640 ./main.o
                0x00025090                outputWeights
 .rodata.g_pui32GPIOBaseAddrs
                0x000256d0       0x90 /home/sachin/tivaware/driverlib/gcc/libdriver.a(gpio.o)
 .rodata.g_pui32EnRegs
                0x00025760       0x14 /home/sachin/tivaware/driverlib/gcc/libdriver.a(interrupt.o)
 .rodata.str1.4
                0x00025774        0x4 /home/sachin/MentorGraphics/Sourcery_CodeBench_Lite_for_ARM_EABI/bin/../lib/gcc/arm-none-eabi/4.8.3/../../../../arm-none-eabi/lib/thumb2/libm.a(lib_a-w_exp.o)
 .rodata.str1.4
                0x00025778        0x4 /home/sachin/MentorGraphics/Sourcery_CodeBench_Lite_for_ARM_EABI/bin/../lib/gcc/arm-none-eabi/4.8.3/../../../../arm-none-eabi/lib/thumb2/libc.a(lib_a-impure.o)
                0x0002577c                _end_text = .
 *fill*         0x0002577c        0x4 
 .text          0x00025780      0x110 /home/sachin/MentorGraphics/Sourcery_CodeBench_Lite_for_ARM_EABI/bin/../lib/gcc/arm-none-eabi/4.8.3/../../../../arm-none-eabi/lib/thumb2/libm.a(lib_a-w_exp.o)
                0x00025780                exp
 .text          0x00025890      0x308 /home/sachin/MentorGraphics/Sourcery_CodeBench_Lite_for_ARM_EABI/bin/../lib/gcc/arm-none-eabi/4.8.3/../../../../arm-none-eabi/lib/thumb2/libm.a(lib_a-e_exp.o)
                0x00025890                __ieee754_exp
 .text          0x00025b98        0xc /home/sachin/MentorGraphics/Sourcery_CodeBench_Lite_for_ARM_EABI/bin/../lib/gcc/arm-none-eabi/4.8.3/../../../../arm-none-eabi/lib/thumb2/libm.a(lib_a-s_finite.o)
                0x00025b98                finite
 .text          0x00025ba4        0x4 /home/sachin/MentorGraphics/Sourcery_CodeBench_Lite_for_ARM_EABI/bin/../lib/gcc/arm-none-eabi/4.8.3/../../../../arm-none-eabi/lib/thumb2/libm.a(lib_a-s_matherr.o)
                0x00025ba4                matherr
 .text          0x00025ba8      0x370 /home/sachin/MentorGraphics/Sourcery_CodeBench_Lite_for_ARM_EABI/bin/../lib/gcc/arm-none-eabi/4.8.3/thumb2/libgcc.a(_arm_addsubdf3.o)
                0x00025ba8                __aeabi_drsub
                0x00025bb0                __aeabi_dsub
                0x00025bb0                __subdf3
                0x00025bb4                __adddf3
                0x00025bb4                __aeabi_dadd
                0x00025e2c                __aeabi_ui2d
                0x00025e2c                __floatunsidf
                0x00025e4c                __floatsidf
                0x00025e4c                __aeabi_i2d
                0x00025e70                __extendsfdf2
                0x00025e70                __aeabi_f2d
                0x00025eac                __aeabi_ul2d
                0x00025eac                __floatundidf
                0x00025ebc                __floatdidf
                0x00025ebc                __aeabi_l2d
 .text          0x00025f18      0x424 /home/sachin/MentorGraphics/Sourcery_CodeBench_Lite_for_ARM_EABI/bin/../lib/gcc/arm-none-eabi/4.8.3/thumb2/libgcc.a(_arm_muldivdf3.o)
                0x00025f18                __aeabi_dmul
                0x00025f18                __muldf3
                0x0002616c                __aeabi_ddiv
                0x0002616c                __divdf3
 .text          0x0002633c      0x110 /home/sachin/MentorGraphics/Sourcery_CodeBench_Lite_for_ARM_EABI/bin/../lib/gcc/arm-none-eabi/4.8.3/thumb2/libgcc.a(_arm_cmpdf2.o)
                0x0002633c                __gtdf2
                0x0002633c                __gedf2
                0x00026344                __ltdf2
                0x00026344                __ledf2
                0x0002634c                __cmpdf2
                0x0002634c                __eqdf2
                0x0002634c                __nedf2
                0x000263c8                __aeabi_cdrcmple
                0x000263d8                __aeabi_cdcmple
                0x000263d8                __aeabi_cdcmpeq
                0x000263e8                __aeabi_dcmpeq
                0x000263fc                __aeabi_dcmplt
                0x00026410                __aeabi_dcmple
                0x00026424                __aeabi_dcmpge
                0x00026438                __aeabi_dcmpgt
 .text          0x0002644c       0x50 /home/sachin/MentorGraphics/Sourcery_CodeBench_Lite_for_ARM_EABI/bin/../lib/gcc/arm-none-eabi/4.8.3/thumb2/libgcc.a(_arm_fixdfsi.o)
                0x0002644c                __fixdfsi
                0x0002644c                __aeabi_d2iz
 .text          0x0002649c        0xc /home/sachin/MentorGraphics/Sourcery_CodeBench_Lite_for_ARM_EABI/bin/../lib/gcc/arm-none-eabi/4.8.3/../../../../arm-none-eabi/lib/thumb2/libc.a(lib_a-errno.o)
                0x0002649c                __errno

.glue_7         0x000264a8        0x0
 .glue_7        0x00000000        0x0 linker stubs

.glue_7t        0x000264a8        0x0
 .glue_7t       0x00000000        0x0 linker stubs

.vfp11_veneer   0x000264a8        0x0
 .vfp11_veneer  0x00000000        0x0 linker stubs

.v4_bx          0x000264a8        0x0
 .v4_bx         0x00000000        0x0 linker stubs

.iplt           0x000264a8        0x0
 .iplt          0x00000000        0x0 /home/sachin/MentorGraphics/Sourcery_CodeBench_Lite_for_ARM_EABI/bin/../lib/gcc/arm-none-eabi/4.8.3/thumb2/crtbegin.o

.rel.dyn        0x000264a8        0x0
 .rel.iplt      0x00000000        0x0 /home/sachin/MentorGraphics/Sourcery_CodeBench_Lite_for_ARM_EABI/bin/../lib/gcc/arm-none-eabi/4.8.3/thumb2/crtbegin.o

.rodata         0x000264a8       0x30
 .rodata        0x000264a8       0x30 /home/sachin/MentorGraphics/Sourcery_CodeBench_Lite_for_ARM_EABI/bin/../lib/gcc/arm-none-eabi/4.8.3/../../../../arm-none-eabi/lib/thumb2/libm.a(lib_a-e_exp.o)

.data           0x20000000       0xf8 load address 0x000264d8
                0x20000000                _start_data = .
 *(.data.*)
 *(vtable)
                0x20000000                _end_data = .
 .data          0x20000000        0x1 /home/sachin/MentorGraphics/Sourcery_CodeBench_Lite_for_ARM_EABI/bin/../lib/gcc/arm-none-eabi/4.8.3/../../../../arm-none-eabi/lib/thumb2/libm.a(lib_a-s_lib_ver.o)
                0x20000000                __fdlib_version
 *fill*         0x20000001        0x3 
 .data          0x20000004       0xf4 /home/sachin/MentorGraphics/Sourcery_CodeBench_Lite_for_ARM_EABI/bin/../lib/gcc/arm-none-eabi/4.8.3/../../../../arm-none-eabi/lib/thumb2/libc.a(lib_a-impure.o)
                0x20000004                _impure_ptr

.igot.plt       0x200000f8        0x0 load address 0x000265d0
 .igot.plt      0x00000000        0x0 /home/sachin/MentorGraphics/Sourcery_CodeBench_Lite_for_ARM_EABI/bin/../lib/gcc/arm-none-eabi/4.8.3/thumb2/crtbegin.o

.bss            0x200000f8     0x1f64 load address 0x000265d0
                0x200000f8                _start_bss = .
 *(.bss.*)
 .bss.command.4974
                0x200000f8        0x4 ./userinterrupt.o
 .bss.n.4973    0x200000fc        0x4 ./userinterrupt.o
 *(COMMON)
 COMMON         0x20000100     0x1f38 ./main.o
                0x20000100                dActivationFunction
                0x20000104                image
                0x20000504                deselogo
                0x2000075c                activationfunction
                0x20000760                startpredict
                0x20000768                inputVector
                0x20001fe8                outputVector
 COMMON         0x20002038       0x24 ./nokialcd.o
                0x20002038                BLUE
                0x2000203c                mode
                0x20002040                GREEN
                0x20002044                WHITE
                0x20002048                MAGENTA
                0x2000204c                CYAN
                0x20002050                RED
                0x20002054                BLACK
                0x20002058                YELLOW
                0x2000205c                _end_bss = .

.stack          0x20007fff        0x0
                0x20007fff                _stack_top = .
LOAD ./main.o
LOAD ./startup_gcc.o
LOAD ./userinterrupt.o
LOAD ./nokialcd.o
LOAD ./mylcd.o
LOAD /home/sachin/tivaware/driverlib/gcc/libdriver.a
LOAD /home/sachin/MentorGraphics/Sourcery_CodeBench_Lite_for_ARM_EABI/bin/../lib/gcc/arm-none-eabi/4.8.3/../../../../arm-none-eabi/lib/thumb2/libm.a
START GROUP
LOAD /home/sachin/MentorGraphics/Sourcery_CodeBench_Lite_for_ARM_EABI/bin/../lib/gcc/arm-none-eabi/4.8.3/thumb2/libgcc.a
LOAD /home/sachin/MentorGraphics/Sourcery_CodeBench_Lite_for_ARM_EABI/bin/../lib/gcc/arm-none-eabi/4.8.3/../../../../arm-none-eabi/lib/thumb2/libc.a
END GROUP
LOAD /home/sachin/MentorGraphics/Sourcery_CodeBench_Lite_for_ARM_EABI/bin/../lib/gcc/arm-none-eabi/4.8.3/thumb2/crtend.o
LOAD /home/sachin/MentorGraphics/Sourcery_CodeBench_Lite_for_ARM_EABI/bin/../lib/gcc/arm-none-eabi/4.8.3/thumb2/crtn.o
OUTPUT(Blinky.elf elf32-littlearm)

.debug_info     0x00000000      0xef0
 .debug_info    0x00000000      0x443 ./main.o
 .debug_info    0x00000443      0x110 ./startup_gcc.o
 .debug_info    0x00000553      0x1c6 ./userinterrupt.o
 .debug_info    0x00000719      0x64b ./nokialcd.o
 .debug_info    0x00000d64      0x18c ./mylcd.o

.debug_abbrev   0x00000000      0x50a
 .debug_abbrev  0x00000000       0xff ./main.o
 .debug_abbrev  0x000000ff       0xb6 ./startup_gcc.o
 .debug_abbrev  0x000001b5       0xf1 ./userinterrupt.o
 .debug_abbrev  0x000002a6      0x185 ./nokialcd.o
 .debug_abbrev  0x0000042b       0xdf ./mylcd.o

.debug_aranges  0x00000000      0x1c0
 .debug_aranges
                0x00000000       0x50 ./main.o
 .debug_aranges
                0x00000050       0x38 ./startup_gcc.o
 .debug_aranges
                0x00000088       0x58 ./userinterrupt.o
 .debug_aranges
                0x000000e0       0x90 ./nokialcd.o
 .debug_aranges
                0x00000170       0x50 ./mylcd.o

.debug_ranges   0x00000000      0x170
 .debug_ranges  0x00000000       0x40 ./main.o
 .debug_ranges  0x00000040       0x28 ./startup_gcc.o
 .debug_ranges  0x00000068       0x48 ./userinterrupt.o
 .debug_ranges  0x000000b0       0x80 ./nokialcd.o
 .debug_ranges  0x00000130       0x40 ./mylcd.o

.debug_macro    0x00000000     0xff2b
 .debug_macro   0x00000000      0x144 ./main.o
 .debug_macro   0x00000144      0x86e ./main.o
 .debug_macro   0x000009b2       0x52 ./main.o
 .debug_macro   0x00000a04       0x16 ./main.o
 .debug_macro   0x00000a1a       0x35 ./main.o
 .debug_macro   0x00000a4f       0xa2 ./main.o
 .debug_macro   0x00000af1      0x20e ./main.o
 .debug_macro   0x00000cff       0x3a ./main.o
 .debug_macro   0x00000d39       0x52 ./main.o
 .debug_macro   0x00000d8b       0x16 ./main.o
 .debug_macro   0x00000da1       0x19 ./main.o
 .debug_macro   0x00000dba      0x19c ./main.o
 .debug_macro   0x00000f56      0x1e1 ./main.o
 .debug_macro   0x00001137       0x22 ./main.o
 .debug_macro   0x00001159       0x58 ./main.o
 .debug_macro   0x000011b1      0x946 ./main.o
 .debug_macro   0x00001af7      0x25e ./main.o
 .debug_macro   0x00001d55       0x10 ./main.o
 .debug_macro   0x00001d65       0x46 ./main.o
 .debug_macro   0x00001dab      0x101 ./main.o
 .debug_macro   0x00001eac       0x10 ./main.o
 .debug_macro   0x00001ebc      0x3d7 ./main.o
 .debug_macro   0x00002293      0xefe ./main.o
 .debug_macro   0x00003191      0xa88 ./main.o
 .debug_macro   0x00003c19      0x17a ./main.o
 .debug_macro   0x00003d93       0x11 ./startup_gcc.o
 .debug_macro   0x00003da4      0x164 ./userinterrupt.o
 .debug_macro   0x00003f08      0x166 ./userinterrupt.o
 .debug_macro   0x0000406e      0x29f ./userinterrupt.o
 .debug_macro   0x0000430d       0x10 ./userinterrupt.o
 .debug_macro   0x0000431d       0x35 ./userinterrupt.o
 .debug_macro   0x00004352       0x1f ./userinterrupt.o
 .debug_macro   0x00004371      0x23b ./userinterrupt.o
 .debug_macro   0x000045ac      0x139 ./nokialcd.o
 .debug_macro   0x000046e5      0x214 ./nokialcd.o
 .debug_macro   0x000048f9      0x110 ./mylcd.o
 .debug_macro   0x00004a09     0xb522 ./mylcd.o

.debug_line     0x00000000     0x189d
 .debug_line    0x00000000      0x76e ./main.o
 .debug_line    0x0000076e       0x93 ./startup_gcc.o
 .debug_line    0x00000801      0x6f5 ./userinterrupt.o
 .debug_line    0x00000ef6      0x5a1 ./nokialcd.o
 .debug_line    0x00001497      0x406 ./mylcd.o

.debug_str      0x00000000    0x53622
 .debug_str     0x00000000    0x189e7 ./main.o
                              0x18b6d (size before relaxing)
 .debug_str     0x000189e7       0x9b ./startup_gcc.o
                               0x24c8 (size before relaxing)
 .debug_str     0x00018a82     0x16de ./userinterrupt.o
                              0x19761 (size before relaxing)
 .debug_str     0x0001a160      0x1eb ./nokialcd.o
                               0x6ccb (size before relaxing)
 .debug_str     0x0001a34b    0x392d7 ./mylcd.o
                              0x4270a (size before relaxing)

.comment        0x00000000       0x46
 .comment       0x00000000       0x46 ./main.o
                                 0x47 (size before relaxing)
 .comment       0x00000000       0x47 ./startup_gcc.o
 .comment       0x00000000       0x47 ./userinterrupt.o
 .comment       0x00000000       0x47 ./nokialcd.o
 .comment       0x00000000       0x47 ./mylcd.o
 .comment       0x00000000       0x47 /home/sachin/tivaware/driverlib/gcc/libdriver.a(gpio.o)
 .comment       0x00000000       0x47 /home/sachin/tivaware/driverlib/gcc/libdriver.a(interrupt.o)
 .comment       0x00000000       0x47 /home/sachin/tivaware/driverlib/gcc/libdriver.a(sysctl.o)
 .comment       0x00000000       0x47 /home/sachin/tivaware/driverlib/gcc/libdriver.a(uart.o)
 .comment       0x00000000       0x47 /home/sachin/tivaware/driverlib/gcc/libdriver.a(cpu.o)

.ARM.attributes
                0x00000000       0x35
 .ARM.attributes
                0x00000000       0x37 ./main.o
 .ARM.attributes
                0x00000037       0x37 ./startup_gcc.o
 .ARM.attributes
                0x0000006e       0x37 ./userinterrupt.o
 .ARM.attributes
                0x000000a5       0x37 ./nokialcd.o
 .ARM.attributes
                0x000000dc       0x37 ./mylcd.o
 .ARM.attributes
                0x00000113       0x37 /home/sachin/tivaware/driverlib/gcc/libdriver.a(gpio.o)
 .ARM.attributes
                0x0000014a       0x37 /home/sachin/tivaware/driverlib/gcc/libdriver.a(interrupt.o)
 .ARM.attributes
                0x00000181       0x37 /home/sachin/tivaware/driverlib/gcc/libdriver.a(sysctl.o)
 .ARM.attributes
                0x000001b8       0x37 /home/sachin/tivaware/driverlib/gcc/libdriver.a(uart.o)
 .ARM.attributes
                0x000001ef       0x37 /home/sachin/tivaware/driverlib/gcc/libdriver.a(cpu.o)
 .ARM.attributes
                0x00000226       0x29 /home/sachin/MentorGraphics/Sourcery_CodeBench_Lite_for_ARM_EABI/bin/../lib/gcc/arm-none-eabi/4.8.3/../../../../arm-none-eabi/lib/thumb2/libm.a(lib_a-w_exp.o)
 .ARM.attributes
                0x0000024f       0x29 /home/sachin/MentorGraphics/Sourcery_CodeBench_Lite_for_ARM_EABI/bin/../lib/gcc/arm-none-eabi/4.8.3/../../../../arm-none-eabi/lib/thumb2/libm.a(lib_a-e_exp.o)
 .ARM.attributes
                0x00000278       0x29 /home/sachin/MentorGraphics/Sourcery_CodeBench_Lite_for_ARM_EABI/bin/../lib/gcc/arm-none-eabi/4.8.3/../../../../arm-none-eabi/lib/thumb2/libm.a(lib_a-s_finite.o)
 .ARM.attributes
                0x000002a1       0x29 /home/sachin/MentorGraphics/Sourcery_CodeBench_Lite_for_ARM_EABI/bin/../lib/gcc/arm-none-eabi/4.8.3/../../../../arm-none-eabi/lib/thumb2/libm.a(lib_a-s_lib_ver.o)
 .ARM.attributes
                0x000002ca       0x29 /home/sachin/MentorGraphics/Sourcery_CodeBench_Lite_for_ARM_EABI/bin/../lib/gcc/arm-none-eabi/4.8.3/../../../../arm-none-eabi/lib/thumb2/libm.a(lib_a-s_matherr.o)
 .ARM.attributes
                0x000002f3       0x19 /home/sachin/MentorGraphics/Sourcery_CodeBench_Lite_for_ARM_EABI/bin/../lib/gcc/arm-none-eabi/4.8.3/thumb2/libgcc.a(_arm_addsubdf3.o)
 .ARM.attributes
                0x0000030c       0x19 /home/sachin/MentorGraphics/Sourcery_CodeBench_Lite_for_ARM_EABI/bin/../lib/gcc/arm-none-eabi/4.8.3/thumb2/libgcc.a(_arm_muldivdf3.o)
 .ARM.attributes
                0x00000325       0x19 /home/sachin/MentorGraphics/Sourcery_CodeBench_Lite_for_ARM_EABI/bin/../lib/gcc/arm-none-eabi/4.8.3/thumb2/libgcc.a(_arm_cmpdf2.o)
 .ARM.attributes
                0x0000033e       0x19 /home/sachin/MentorGraphics/Sourcery_CodeBench_Lite_for_ARM_EABI/bin/../lib/gcc/arm-none-eabi/4.8.3/thumb2/libgcc.a(_arm_fixdfsi.o)
 .ARM.attributes
                0x00000357       0x29 /home/sachin/MentorGraphics/Sourcery_CodeBench_Lite_for_ARM_EABI/bin/../lib/gcc/arm-none-eabi/4.8.3/../../../../arm-none-eabi/lib/thumb2/libc.a(lib_a-errno.o)
 .ARM.attributes
                0x00000380       0x29 /home/sachin/MentorGraphics/Sourcery_CodeBench_Lite_for_ARM_EABI/bin/../lib/gcc/arm-none-eabi/4.8.3/../../../../arm-none-eabi/lib/thumb2/libc.a(lib_a-impure.o)

.debug_frame    0x00000000      0x5f8
 .debug_frame   0x00000000       0xfc ./main.o
 .debug_frame   0x000000fc       0x78 ./startup_gcc.o
 .debug_frame   0x00000174       0xf0 ./userinterrupt.o
 .debug_frame   0x00000264      0x1e8 ./nokialcd.o
 .debug_frame   0x0000044c       0xe0 ./mylcd.o
 .debug_frame   0x0000052c       0x34 /home/sachin/MentorGraphics/Sourcery_CodeBench_Lite_for_ARM_EABI/bin/../lib/gcc/arm-none-eabi/4.8.3/../../../../arm-none-eabi/lib/thumb2/libm.a(lib_a-w_exp.o)
 .debug_frame   0x00000560       0x38 /home/sachin/MentorGraphics/Sourcery_CodeBench_Lite_for_ARM_EABI/bin/../lib/gcc/arm-none-eabi/4.8.3/../../../../arm-none-eabi/lib/thumb2/libm.a(lib_a-e_exp.o)
 .debug_frame   0x00000598       0x20 /home/sachin/MentorGraphics/Sourcery_CodeBench_Lite_for_ARM_EABI/bin/../lib/gcc/arm-none-eabi/4.8.3/../../../../arm-none-eabi/lib/thumb2/libm.a(lib_a-s_finite.o)
 .debug_frame   0x000005b8       0x20 /home/sachin/MentorGraphics/Sourcery_CodeBench_Lite_for_ARM_EABI/bin/../lib/gcc/arm-none-eabi/4.8.3/../../../../arm-none-eabi/lib/thumb2/libm.a(lib_a-s_matherr.o)
 .debug_frame   0x000005d8       0x20 /home/sachin/MentorGraphics/Sourcery_CodeBench_Lite_for_ARM_EABI/bin/../lib/gcc/arm-none-eabi/4.8.3/../../../../arm-none-eabi/lib/thumb2/libc.a(lib_a-errno.o)
